<html>
<body>
<pre>
<h1>礦ision Build Log</h1>
<h2>Project:</h2>
E:\feiyuwork\STM32F103C8T6\IKM-C8T6开发板配套资料-V2.0\第三部分：无线实验程序\实验1 - nRF24L01无线发射（模拟SPI）\RF-TX\Project\MDK-ARM\RF-TX.uvproj
Project File Date:  06/30/2016

<h2>Output:</h2>
Build target 'RF-TX'
compiling main.c...
linking...
Program Size: Code=5806 RO-data=346 RW-data=48 ZI-data=1792  
FromELF: creating hex file...
".\Obj\RF-TX.axf" - 0 Errors, 0 Warning(s).
Build target 'RF-TX'
compiling main.c...
compiling nRF24L01P.c...
..\src\nRF24L01P.c(75): warning:  #177-D: variable "SPI_InitStructure" was declared but never referenced
linking...
Program Size: Code=5802 RO-data=346 RW-data=48 ZI-data=1792  
FromELF: creating hex file...
".\Obj\RF-TX.axf" - 0 Errors, 1 Warning(s).
Rebuild target 'RF-TX'
compiling main.c...
compiling stm32f10x_it.c...
compiling delay.c...
compiling usart.c...
compiling nRF24L01P.c...
compiling led.c...
compiling misc.c...
compiling stm32f10x_dbgmcu.c...
compiling stm32f10x_exti.c...
compiling stm32f10x_fsmc.c...
compiling stm32f10x_gpio.c...
compiling stm32f10x_pwr.c...
compiling stm32f10x_sdio.c...
compiling stm32f10x_flash.c...
compiling stm32f10x_rcc.c...
compiling stm32f10x_usart.c...
compiling stm32f10x_spi.c...
compiling core_cm3.c...
compiling system_stm32f10x.c...
assembling startup_stm32f10x_hd.s...
linking...
Program Size: Code=5802 RO-data=346 RW-data=48 ZI-data=1792  
FromELF: creating hex file...
".\Obj\RF-TX.axf" - 0 Errors, 0 Warning(s).
Load "E:\\feiyuwork\\STM32F103C8T6\\IKM-C8T6开发板配套资料-V2.0\\第三部分：无线实验程序\\实验1 - nRF24L01无线发射（模拟SPI）\\RF-TX\\Project\\MDK-ARM\\Obj\\RF-TX.axf" 
Set JLink Project File to "E:\feiyuwork\STM32F103C8T6\IKM-C8T6开发板配套资料-V2.0\第三部分：无线实验程序\实验1 - nRF24L01无线发射（模拟SPI）\RF-TX\Project\MDK-ARM\JLinkSettings.ini"
* JLink Info: Device "STM32F103C8" selected (64 KB flash, 20 KB RAM).
 
JLink info:
------------
DLL: V4.68a, compiled Apr 12 2013 13:26:50
Firmware: J-Link ARM V8 compiled Nov 14 2012 22:34:52
Hardware: V8.00
S/N : 26350339 
Feature(s) : RDI,FlashDL,FlashBP,JFlash,GDBFULL 
 
* JLink Info: Could not measure total IR len. TDO is constant high.
* JLink Info: STM32F1xxx: Can not attach to CPU. Trying connect under reset.
* JLink Info: TotalIRLen = 9, IRPrint = 0x0011
* JLink Info: TotalIRLen = 9, IRPrint = 0x0011
* JLink Info: Found Cortex-M3 r1p1, Little endian.
* JLink Info: TPIU fitted.
* JLink Info: FPUnit: 6 code (BP) slots and 2 literal slots
ROMTableAddr = 0xE00FF003
* JLink Info: Found Cortex-M3 r1p1, Little endian.
* JLink Info: TPIU fitted.
* JLink Info: FPUnit: 6 code (BP) slots and 2 literal slots
 
Target info:
------------
Device: STM32F103C8
VTarget = 3.364V
State of Pins: 
TCK: 1, TDI: 0, TDO: 1, TMS: 0, TRES: 1, TRST: 1
Hardware-Breakpoints: 6
Software-Breakpoints: 8192
Watchpoints:          4
JTAG speed: 2000 kHz
 
Erase Done.
Programming Done.
Verify OK.
Build target 'RF-TX'
compiling nRF24L01P.c...
linking...
Program Size: Code=5814 RO-data=346 RW-data=48 ZI-data=1792  
FromELF: creating hex file...
".\Obj\RF-TX.axf" - 0 Errors, 0 Warning(s).
Load "E:\\feiyuwork\\STM32F103C8T6\\IKM-C8T6开发板配套资料-V2.0\\第三部分：无线实验程序\\实验1 - nRF24L01无线发射（模拟SPI）\\RF-TX\\Project\\MDK-ARM\\Obj\\RF-TX.axf" 
Set JLink Project File to "E:\feiyuwork\STM32F103C8T6\IKM-C8T6开发板配套资料-V2.0\第三部分：无线实验程序\实验1 - nRF24L01无线发射（模拟SPI）\RF-TX\Project\MDK-ARM\JLinkSettings.ini"
* JLink Info: Device "STM32F103C8" selected (64 KB flash, 20 KB RAM).
 
JLink info:
------------
DLL: V4.68a, compiled Apr 12 2013 13:26:50
Firmware: J-Link ARM V8 compiled Nov 14 2012 22:34:52
Hardware: V8.00
S/N : 26350339 
Feature(s) : RDI,FlashDL,FlashBP,JFlash,GDBFULL 
 
* JLink Info: TotalIRLen = 9, IRPrint = 0x0011
* JLink Info: TotalIRLen = 9, IRPrint = 0x0011
* JLink Info: Found Cortex-M3 r1p1, Little endian.
* JLink Info: TPIU fitted.
* JLink Info: FPUnit: 6 code (BP) slots and 2 literal slots
ROMTableAddr = 0xE00FF003
* JLink Info: Found Cortex-M3 r1p1, Little endian.
* JLink Info: TPIU fitted.
* JLink Info: FPUnit: 6 code (BP) slots and 2 literal slots
 
Target info:
------------
Device: STM32F103C8
VTarget = 3.371V
State of Pins: 
TCK: 1, TDI: 0, TDO: 1, TMS: 0, TRES: 1, TRST: 1
Hardware-Breakpoints: 6
Software-Breakpoints: 8192
Watchpoints:          4
JTAG speed: 2000 kHz
 
Erase Done.
Programming Done.
Verify OK.
Build target 'RF-TX'
compiling nRF24L01P.c...
linking...
Program Size: Code=4950 RO-data=346 RW-data=48 ZI-data=1792  
FromELF: creating hex file...
".\Obj\RF-TX.axf" - 0 Errors, 0 Warning(s).
Load "E:\\feiyuwork\\STM32F103C8T6\\IKM-C8T6开发板配套资料-V2.0\\第三部分：无线实验程序\\实验1 - nRF24L01无线发射（模拟SPI）\\RF-TX\\Project\\MDK-ARM\\Obj\\RF-TX.axf" 
Set JLink Project File to "E:\feiyuwork\STM32F103C8T6\IKM-C8T6开发板配套资料-V2.0\第三部分：无线实验程序\实验1 - nRF24L01无线发射（模拟SPI）\RF-TX\Project\MDK-ARM\JLinkSettings.ini"
* JLink Info: Device "STM32F103C8" selected (64 KB flash, 20 KB RAM).
 
JLink info:
------------
DLL: V4.68a, compiled Apr 12 2013 13:26:50
Firmware: J-Link ARM V8 compiled Nov 14 2012 22:34:52
Hardware: V8.00
S/N : 26350339 
Feature(s) : RDI,FlashDL,FlashBP,JFlash,GDBFULL 
 
* JLink Info: TotalIRLen = 9, IRPrint = 0x0011
* JLink Info: TotalIRLen = 9, IRPrint = 0x0011
* JLink Info: Found Cortex-M3 r1p1, Little endian.
* JLink Info: TPIU fitted.
* JLink Info: FPUnit: 6 code (BP) slots and 2 literal slots
ROMTableAddr = 0xE00FF003
* JLink Info: Found Cortex-M3 r1p1, Little endian.
* JLink Info: TPIU fitted.
* JLink Info: FPUnit: 6 code (BP) slots and 2 literal slots
 
Target info:
------------
Device: STM32F103C8
VTarget = 3.371V
State of Pins: 
TCK: 1, TDI: 0, TDO: 1, TMS: 0, TRES: 1, TRST: 1
Hardware-Breakpoints: 6
Software-Breakpoints: 8192
Watchpoints:          4
JTAG speed: 2000 kHz
 
Erase Done.
Programming Done.
Verify OK.
Build target 'RF-TX'
compiling main.c...
compiling nRF24L01P.c...
linking...
Program Size: Code=4950 RO-data=346 RW-data=48 ZI-data=1792  
FromELF: creating hex file...
".\Obj\RF-TX.axf" - 0 Errors, 0 Warning(s).
Load "E:\\feiyuwork\\STM32F103C8T6\\IKM-C8T6开发板配套资料-V2.0\\第三部分：无线实验程序\\实验1 - nRF24L01无线发射（模拟SPI）\\RF-TX\\Project\\MDK-ARM\\Obj\\RF-TX.axf" 
Set JLink Project File to "E:\feiyuwork\STM32F103C8T6\IKM-C8T6开发板配套资料-V2.0\第三部分：无线实验程序\实验1 - nRF24L01无线发射（模拟SPI）\RF-TX\Project\MDK-ARM\JLinkSettings.ini"
* JLink Info: Device "STM32F103C8" selected (64 KB flash, 20 KB RAM).
 
JLink info:
------------
DLL: V4.68a, compiled Apr 12 2013 13:26:50
Firmware: J-Link ARM V8 compiled Nov 14 2012 22:34:52
Hardware: V8.00
S/N : 26350339 
Feature(s) : RDI,FlashDL,FlashBP,JFlash,GDBFULL 
 
* JLink Info: TotalIRLen = 9, IRPrint = 0x0011
* JLink Info: TotalIRLen = 9, IRPrint = 0x0011
* JLink Info: Found Cortex-M3 r1p1, Little endian.
* JLink Info: TPIU fitted.
* JLink Info: FPUnit: 6 code (BP) slots and 2 literal slots
ROMTableAddr = 0xE00FF003
* JLink Info: Found Cortex-M3 r1p1, Little endian.
* JLink Info: TPIU fitted.
* JLink Info: FPUnit: 6 code (BP) slots and 2 literal slots
 
Target info:
------------
Device: STM32F103C8
VTarget = 3.371V
State of Pins: 
TCK: 1, TDI: 0, TDO: 1, TMS: 0, TRES: 1, TRST: 1
Hardware-Breakpoints: 6
Software-Breakpoints: 8192
Watchpoints:          4
JTAG speed: 2000 kHz
 
Erase Done.
Programming Done.
Verify OK.
Clean started: Project: 'RF-TX'
   deleting intermediate output files for target 'RF-TX'
