Component: ARM Compiler 5.06 update 1 (build 61) Tool: armlink [4d35a8]

==============================================================================

Section Cross References

    main.o(.text) refers to _printf_pad.o(.text) for _printf_pre_padding
    main.o(.text) refers to _printf_percent.o(.ARM.Collect$$_printf_percent$$00000000) for _printf_percent
    main.o(.text) refers to _printf_x.o(.ARM.Collect$$_printf_percent$$0000000C) for _printf_x
    main.o(.text) refers to _printf_hex_int.o(.text) for _printf_longlong_hex
    main.o(.text) refers to _printf_f.o(.ARM.Collect$$_printf_percent$$00000003) for _printf_f
    main.o(.text) refers to printf1.o(x$fpl$printf1) for _printf_fp_dec
    main.o(.text) refers to stm32f10x_rcc.o(.text) for RCC_APB2PeriphClockCmd
    main.o(.text) refers to stm32f10x_gpio.o(.text) for GPIO_PinRemapConfig
    main.o(.text) refers to rt_memcpy_w.o(.text) for __aeabi_memcpy4
    main.o(.text) refers to usart.o(.text) for USART_Configuration
    main.o(.text) refers to timer.o(.text) for TIM3_Init
    main.o(.text) refers to led.o(.text) for LED_Toggle
    main.o(.text) refers to delay.o(.text) for delay_ms
    main.o(.text) refers to noretval__2sprintf.o(.text) for __2sprintf
    main.o(.text) refers to dflt_clz.o(x$fpl$dfltu) for __aeabi_ui2d
    main.o(.text) refers to dmul.o(x$fpl$dmul) for __aeabi_dmul
    main.o(.text) refers to daddsub_clz.o(x$fpl$dsub) for __aeabi_dsub
    main.o(.text) refers to daddsub_clz.o(x$fpl$dadd) for __aeabi_dadd
    main.o(.text) refers to d2f.o(x$fpl$d2f) for __aeabi_d2f
    main.o(.text) refers to f2d.o(x$fpl$f2d) for __aeabi_f2d
    main.o(.text) refers to drleqf.o(x$fpl$drleqf) for __aeabi_cdrcmple
    main.o(.text) refers to dleqf.o(x$fpl$dleqf) for __aeabi_cdcmple
    main.o(.text) refers to main.o(.constdata) for .constdata
    main.o(.text) refers to main.o(.data) for Ele_Data_Send
    usart.o(.text) refers to stm32f10x_rcc.o(.text) for RCC_APB2PeriphClockCmd
    usart.o(.text) refers to stm32f10x_usart.o(.text) for USART_DeInit
    usart.o(.text) refers to misc.o(.text) for NVIC_PriorityGroupConfig
    usart.o(.text) refers to stm32f10x_gpio.o(.text) for GPIO_Init
    usart.o(.text) refers to rt_memcpy_v6.o(.text) for __aeabi_memcpy
    usart.o(.text) refers to rt_memclr.o(.text) for __aeabi_memclr
    usart.o(.text) refers to usart.o(.data) for UsartReceCnt
    usart.o(.text) refers to usart.o(.bss) for UsartReceBuf
    usart.o(.text) refers to main.o(.data) for Ele_Data_Send
    nrf24l01p.o(.text) refers to stm32f10x_spi.o(.text) for SPI_I2S_GetFlagStatus
    nrf24l01p.o(.text) refers to stm32f10x_rcc.o(.text) for RCC_APB1PeriphClockCmd
    nrf24l01p.o(.text) refers to stm32f10x_gpio.o(.text) for GPIO_Init
    nrf24l01p.o(.text) refers to nrf24l01p.o(.constdata) for RX_ADDRESS_MB
    crc.o(.text) refers to crc.o(.constdata) for auchCRCHi
    timer.o(.text) refers to stm32f10x_rcc.o(.text) for RCC_APB1PeriphClockCmd
    timer.o(.text) refers to stm32f10x_tim.o(.text) for TIM_DeInit
    timer.o(.text) refers to misc.o(.text) for NVIC_PriorityGroupConfig
    timer.o(.text) refers to stm32f10x_gpio.o(.text) for GPIO_ResetBits
    timer.o(.text) refers to led.o(.text) for LED_Toggle
    timer.o(.text) refers to timer.o(.data) for LED_TAG
    timer.o(.text) refers to main.o(.data) for Ele_Data_Send
    stm32f10x_gpio.o(.text) refers to stm32f10x_rcc.o(.text) for RCC_APB2PeriphResetCmd
    stm32f10x_pwr.o(.text) refers to stm32f10x_rcc.o(.text) for RCC_APB1PeriphResetCmd
    stm32f10x_rcc.o(.text) refers to stm32f10x_rcc.o(.data) for APBAHBPrescTable
    stm32f10x_usart.o(.text) refers to stm32f10x_rcc.o(.text) for RCC_APB2PeriphResetCmd
    stm32f10x_spi.o(.text) refers to stm32f10x_rcc.o(.text) for RCC_APB2PeriphResetCmd
    stm32f10x_tim.o(.text) refers to stm32f10x_rcc.o(.text) for RCC_APB2PeriphResetCmd
    system_stm32f10x.o(.text) refers to system_stm32f10x.o(.data) for SystemCoreClock
    startup_stm32f10x_hd.o(STACK) refers (Special) to heapauxi.o(.text) for __use_two_region_memory
    startup_stm32f10x_hd.o(HEAP) refers (Special) to heapauxi.o(.text) for __use_two_region_memory
    startup_stm32f10x_hd.o(RESET) refers (Special) to heapauxi.o(.text) for __use_two_region_memory
    startup_stm32f10x_hd.o(RESET) refers to startup_stm32f10x_hd.o(STACK) for __initial_sp
    startup_stm32f10x_hd.o(RESET) refers to startup_stm32f10x_hd.o(.text) for Reset_Handler
    startup_stm32f10x_hd.o(RESET) refers to stm32f10x_it.o(.text) for NMI_Handler
    startup_stm32f10x_hd.o(RESET) refers to timer.o(.text) for TIM3_IRQHandler
    startup_stm32f10x_hd.o(RESET) refers to usart.o(.text) for USART1_IRQHandler
    startup_stm32f10x_hd.o(.text) refers (Special) to heapauxi.o(.text) for __use_two_region_memory
    startup_stm32f10x_hd.o(.text) refers to system_stm32f10x.o(.text) for SystemInit
    startup_stm32f10x_hd.o(.text) refers to __main.o(!!!main) for __main
[...]
    ../clib/angel/scatter.s                  0x00000000   Number         0  __scatter.o ABSOLUTE
    ../clib/angel/startup.s                  0x00000000   Number         0  __main.o ABSOLUTE
    ../clib/angel/sys.s                      0x00000000   Number         0  libspace.o ABSOLUTE
    ../clib/angel/sys.s                      0x00000000   Number         0  sys_stackheap_outer.o ABSOLUTE
    ../clib/angel/sys.s                      0x00000000   Number         0  use_no_semi.o ABSOLUTE
    ../clib/angel/sys.s                      0x00000000   Number         0  indicate_semi.o ABSOLUTE
    ../clib/angel/sysapp.c                   0x00000000   Number         0  sys_wrch.o ABSOLUTE
    ../clib/angel/sysapp.c                   0x00000000   Number         0  sys_command.o ABSOLUTE
    ../clib/angel/sysapp.c                   0x00000000   Number         0  sys_exit.o ABSOLUTE
    ../clib/armsys.c                         0x00000000   Number         0  _get_argv_nomalloc.o ABSOLUTE
    ../clib/armsys.c                         0x00000000   Number         0  argv_veneer.o ABSOLUTE
    ../clib/armsys.c                         0x00000000   Number         0  argv_veneer.o ABSOLUTE
    ../clib/armsys.c                         0x00000000   Number         0  no_argv.o ABSOLUTE
    ../clib/bigflt.c                         0x00000000   Number         0  bigflt0.o ABSOLUTE
    ../clib/btod.s                           0x00000000   Number         0  btod.o ABSOLUTE
    ../clib/heapalloc.c                      0x00000000   Number         0  hrguard.o ABSOLUTE
    ../clib/heapaux.c                        0x00000000   Number         0  heapauxi.o ABSOLUTE
    ../clib/libinit.s                        0x00000000   Number         0  libshutdown2.o ABSOLUTE
    ../clib/libinit.s                        0x00000000   Number         0  libshutdown.o ABSOLUTE
    ../clib/libinit.s                        0x00000000   Number         0  libinit.o ABSOLUTE
    ../clib/libinit.s                        0x00000000   Number         0  libinit2.o ABSOLUTE
    ../clib/locale.s                         0x00000000   Number         0  lc_numeric_c.o ABSOLUTE
    ../clib/longlong.s                       0x00000000   Number         0  lludiv10.o ABSOLUTE
    ../clib/memcpset.s                       0x00000000   Number         0  rt_memclr_w.o ABSOLUTE
    ../clib/memcpset.s                       0x00000000   Number         0  rt_memclr.o ABSOLUTE
    ../clib/memcpset.s                       0x00000000   Number         0  rt_memcpy_v6.o ABSOLUTE
    ../clib/memcpset.s                       0x00000000   Number         0  rt_memcpy_w.o ABSOLUTE
    ../clib/memcpset.s                       0x00000000   Number         0  strcmpv7m.o ABSOLUTE
    ../clib/misc.s                           0x00000000   Number         0  printf_stubs.o ABSOLUTE
    ../clib/printf.c                         0x00000000   Number         0  __2sprintf.o ABSOLUTE
    ../clib/printf.c                         0x00000000   Number         0  __printf_wp.o ABSOLUTE
    ../clib/printf.c                         0x00000000   Number         0  _printf_hex_int_ll.o ABSOLUTE
    ../clib/printf.c                         0x00000000   Number         0  _printf_hex_int_ptr.o ABSOLUTE
    ../clib/printf.c                         0x00000000   Number         0  _printf_hex_ll_ptr.o ABSOLUTE
    ../clib/printf.c                         0x00000000   Number         0  _printf_hex_int_ll_ptr.o ABSOLUTE
    ../clib/printf.c                         0x00000000   Number         0  __printf_flags.o ABSOLUTE
    ../clib/printf.c                         0x00000000   Number         0  __printf_ss.o ABSOLUTE
    ../clib/printf.c                         0x00000000   Number         0  _sputc.o ABSOLUTE
    ../clib/printf.c                         0x00000000   Number         0  __printf_flags_ss.o ABSOLUTE
    ../clib/printf.c                         0x00000000   Number         0  _printf_fp_dec.o ABSOLUTE
    ../clib/printf.c                         0x00000000   Number         0  _printf_hex_ptr.o ABSOLUTE
    ../clib/printf.c                         0x00000000   Number         0  _printf_char_common.o ABSOLUTE
    ../clib/printf.c                         0x00000000   Number         0  __printf_flags_ss_wp.o ABSOLUTE
    ../clib/printf.c                         0x00000000   Number         0  __printf_ss_wp.o ABSOLUTE
    ../clib/printf.c                         0x00000000   Number         0  _printf_fp_infnan.o ABSOLUTE
    ../clib/printf.c                         0x00000000   Number         0  _printf_hex_ll.o ABSOLUTE
    ../clib/printf.c                         0x00000000   Number         0  _printf_intcommon.o ABSOLUTE
    ../clib/printf.c                         0x00000000   Number         0  __printf_flags_wp.o ABSOLUTE
    ../clib/printf.c                         0x00000000   Number         0  __printf.o ABSOLUTE
    ../clib/printf.c                         0x00000000   Number         0  _printf_pad.o ABSOLUTE
    ../clib/printf.c                         0x00000000   Number         0  noretval__2sprintf.o ABSOLUTE
    ../clib/printf.c                         0x00000000   Number         0  __printf_nopercent.o ABSOLUTE
    ../clib/printf.c                         0x00000000   Number         0  _printf_hex_int.o ABSOLUTE
    ../clib/printf_percent.s                 0x00000000   Number         0  _printf_percent_end.o ABSOLUTE
    ../clib/printf_percent.s                 0x00000000   Number         0  _printf_f.o ABSOLUTE
    ../clib/printf_percent.s                 0x00000000   Number         0  _printf_percent.o ABSOLUTE
    ../clib/printf_percent.s                 0x00000000   Number         0  _printf_x.o ABSOLUTE
    ../clib/signal.c                         0x00000000   Number         0  defsig_rtmem_outer.o ABSOLUTE
    ../clib/signal.c                         0x00000000   Number         0  defsig_rtmem_formal.o ABSOLUTE
    ../clib/signal.c                         0x00000000   Number         0  defsig_other.o ABSOLUTE
    ../clib/signal.c                         0x00000000   Number         0  defsig_abrt_inner.o ABSOLUTE
    ../clib/signal.c                         0x00000000   Number         0  defsig_exit.o ABSOLUTE
    ../clib/signal.c                         0x00000000   Number         0  defsig_rtmem_inner.o ABSOLUTE
    ../clib/signal.c                         0x00000000   Number         0  __raise.o ABSOLUTE
    ../clib/signal.c                         0x00000000   Number         0  defsig_general.o ABSOLUTE
    ../clib/signal.c                         0x00000000   Number         0  defsig_fpe_inner.o ABSOLUTE
    ../clib/signal.c                         0x00000000   Number         0  defsig_rtred_inner.o ABSOLUTE
    ../clib/signal.c                         0x00000000   Number         0  defsig_stak_inner.o ABSOLUTE
    ../clib/signal.c                         0x00000000   Number         0  defsig_pvfn_inner.o ABSOLUTE
    ../clib/signal.c                         0x00000000   Number         0  defsig_cppl_inner.o ABSOLUTE
    ../clib/signal.c                         0x00000000   Number         0  defsig_segv_inner.o ABSOLUTE
    ../clib/signal.s                         0x00000000   Number         0  defsig.o ABSOLUTE
    ../clib/stdlib.c                         0x00000000   Number         0  exit.o ABSOLUTE
    ../fplib/d2f.s                           0x00000000   Number         0  d2f.o ABSOLUTE
    ../fplib/daddsub.s                       0x00000000   Number         0  daddsub_clz.o ABSOLUTE
    ../fplib/dcmpi.s                         0x00000000   Number         0  dcmpi.o ABSOLUTE
    ../fplib/dflt.s                          0x00000000   Number         0  dflt_clz.o ABSOLUTE
    ../fplib/dleqf.s                         0x00000000   Number         0  dleqf.o ABSOLUTE
    ../fplib/dmul.s                          0x00000000   Number         0  dmul.o ABSOLUTE
    ../fplib/dnaninf.s                       0x00000000   Number         0  dnaninf.o ABSOLUTE
    ../fplib/dretinf.s                       0x00000000   Number         0  dretinf.o ABSOLUTE
    ../fplib/drleqf.s                        0x00000000   Number         0  drleqf.o ABSOLUTE
    ../fplib/f2d.s                           0x00000000   Number         0  f2d.o ABSOLUTE
    ../fplib/fnaninf.s                       0x00000000   Number         0  fnaninf.o ABSOLUTE
    ../fplib/fpinit.s                        0x00000000   Number         0  fpinit.o ABSOLUTE
    ../fplib/fretinf.s                       0x00000000   Number         0  fretinf.o ABSOLUTE
    ../fplib/istatus.s                       0x00000000   Number         0  istatus.o ABSOLUTE
    ../fplib/printf1.s                       0x00000000   Number         0  printf1.o ABSOLUTE
    ../fplib/usenofp.s                       0x00000000   Number         0  usenofp.o ABSOLUTE
    ../mathlib/fpclassify.c                  0x00000000   Number         0  fpclassify.o ABSOLUTE
    ..\..\Libraries\CMSIS\CM3\CoreSupport\core_cm3.c 0x00000000   Number         0  core_cm3.o ABSOLUTE
    ..\..\Libraries\CMSIS\CM3\DeviceSupport\ST\STM32F10x\startup\arm\startup_stm32f10x_hd.s 0x00000000   Number         0  startup_stm32f10x_hd.o ABSOLUTE
    ..\..\Libraries\CMSIS\CM3\DeviceSupport\ST\STM32F10x\system_stm32f10x.c 0x00000000   Number         0  system_stm32f10x.o ABSOLUTE
    ..\..\Libraries\STM32F10x_StdPeriph_Driver\src\misc.c 0x00000000   Number         0  misc.o ABSOLUTE
    ..\..\Libraries\STM32F10x_StdPeriph_Driver\src\stm32f10x_dbgmcu.c 0x00000000   Number         0  stm32f10x_dbgmcu.o ABSOLUTE
    ..\..\Libraries\STM32F10x_StdPeriph_Driver\src\stm32f10x_exti.c 0x00000000   Number         0  stm32f10x_exti.o ABSOLUTE
    ..\..\Libraries\STM32F10x_StdPeriph_Driver\src\stm32f10x_flash.c 0x00000000   Number         0  stm32f10x_flash.o ABSOLUTE
    ..\..\Libraries\STM32F10x_StdPeriph_Driver\src\stm32f10x_fsmc.c 0x00000000   Number         0  stm32f10x_fsmc.o ABSOLUTE
    ..\..\Libraries\STM32F10x_StdPeriph_Driver\src\stm32f10x_gpio.c 0x00000000   Number         0  stm32f10x_gpio.o ABSOLUTE
    ..\..\Libraries\STM32F10x_StdPeriph_Driver\src\stm32f10x_pwr.c 0x00000000   Number         0  stm32f10x_pwr.o ABSOLUTE
    ..\..\Libraries\STM32F10x_StdPeriph_Driver\src\stm32f10x_rcc.c 0x00000000   Number         0  stm32f10x_rcc.o ABSOLUTE
    ..\..\Libraries\STM32F10x_StdPeriph_Driver\src\stm32f10x_sdio.c 0x00000000   Number         0  stm32f10x_sdio.o ABSOLUTE
    ..\..\Libraries\STM32F10x_StdPeriph_Driver\src\stm32f10x_spi.c 0x00000000   Number         0  stm32f10x_spi.o ABSOLUTE
    ..\..\Libraries\STM32F10x_StdPeriph_Driver\src\stm32f10x_tim.c 0x00000000   Number         0  stm32f10x_tim.o ABSOLUTE
    ..\..\Libraries\STM32F10x_StdPeriph_Driver\src\stm32f10x_usart.c 0x00000000   Number         0  stm32f10x_usart.o ABSOLUTE
    ..\\..\\Libraries\\CMSIS\\CM3\\CoreSupport\\core_cm3.c 0x00000000   Number         0  core_cm3.o ABSOLUTE
    ..\src\CRC.c                             0x00000000   Number         0  crc.o ABSOLUTE
    ..\src\delay.c                           0x00000000   Number         0  delay.o ABSOLUTE
    ..\src\led.c                             0x00000000   Number         0  led.o ABSOLUTE
    ..\src\main.c                            0x00000000   Number         0  main.o ABSOLUTE
    ..\src\nRF24L01P.c                       0x00000000   Number         0  nrf24l01p.o ABSOLUTE
    ..\src\stm32f10x_it.c                    0x00000000   Number         0  stm32f10x_it.o ABSOLUTE
    ..\src\timer.c                           0x00000000   Number         0  timer.o ABSOLUTE
    ..\src\usart.c                           0x00000000   Number         0  usart.o ABSOLUTE
    dc.s                                     0x00000000   Number         0  dc.o ABSOLUTE
    RESET                                    0x08000000   Section      304  startup_stm32f10x_hd.o(RESET)
    !!!main                                  0x08000130   Section        8  __main.o(!!!main)
    !!!scatter                               0x08000138   Section       52  __scatter.o(!!!scatter)
    !!handler_copy                           0x0800016c   Section       26  __scatter_copy.o(!!handler_copy)
    !!handler_zi                             0x08000188   Section       28  __scatter_zi.o(!!handler_zi)
    .ARM.Collect$$_printf_percent$$00000000  0x080001a4   Section        0  _printf_percent.o(.ARM.Collect$$_printf_percent$$00000000)
    .ARM.Collect$$_printf_percent$$00000003  0x080001a4   Section        6  _printf_f.o(.ARM.Collect$$_printf_percent$$00000003)
    .ARM.Collect$$_printf_percent$$0000000C  0x080001aa   Section        6  _printf_x.o(.ARM.Collect$$_printf_percent$$0000000C)
    .ARM.Collect$$_printf_percent$$00000017  0x080001b0   Section        4  _printf_percent_end.o(.ARM.Collect$$_printf_percent$$00000017)
    .ARM.Collect$$libinit$$00000000          0x080001b4   Section        2  libinit.o(.ARM.Collect$$libinit$$00000000)
    .ARM.Collect$$libinit$$00000002          0x080001b6   Section        0  libinit2.o(.ARM.Collect$$libinit$$00000002)
    .ARM.Collect$$libinit$$00000004          0x080001b6   Section        0  libinit2.o(.ARM.Collect$$libinit$$00000004)
    .ARM.Collect$$libinit$$0000000A          0x080001b6   Section        0  libinit2.o(.ARM.Collect$$libinit$$0000000A)
    .ARM.Collect$$libinit$$0000000C          0x080001b6   Section        0  libinit2.o(.ARM.Collect$$libinit$$0000000C)
    .ARM.Collect$$libinit$$0000000E          0x080001b6   Section        0  libinit2.o(.ARM.Collect$$libinit$$0000000E)
    .ARM.Collect$$libinit$$0000000F          0x080001b6   Section        6  libinit2.o(.ARM.Collect$$libinit$$0000000F)
    .ARM.Collect$$libinit$$00000011          0x080001bc   Section        0  libinit2.o(.ARM.Collect$$libinit$$00000011)
    .ARM.Collect$$libinit$$00000013          0x080001bc   Section        0  libinit2.o(.ARM.Collect$$libinit$$00000013)
    .ARM.Collect$$libinit$$00000015          0x080001bc   Section        0  libinit2.o(.ARM.Collect$$libinit$$00000015)
    .ARM.Collect$$libinit$$00000016          0x080001bc   Section       10  libinit2.o(.ARM.Collect$$libinit$$00000016)
    .ARM.Collect$$libinit$$00000017          0x080001c6   Section        0  libinit2.o(.ARM.Collect$$libinit$$00000017)
    .ARM.Collect$$libinit$$00000019          0x080001c6   Section        0  libinit2.o(.ARM.Collect$$libinit$$00000019)
    .ARM.Collect$$libinit$$0000001B          0x080001c6   Section        0  libinit2.o(.ARM.Collect$$libinit$$0000001B)
    .ARM.Collect$$libinit$$0000001D          0x080001c6   Section        0  libinit2.o(.ARM.Collect$$libinit$$0000001D)
    .ARM.Collect$$libinit$$0000001F          0x080001c6   Section        0  libinit2.o(.ARM.Collect$$libinit$$0000001F)
    .ARM.Collect$$libinit$$00000021          0x080001c6   Section        0  libinit2.o(.ARM.Collect$$libinit$$00000021)
    .ARM.Collect$$libinit$$00000023          0x080001c6   Section        0  libinit2.o(.ARM.Collect$$libinit$$00000023)
    .ARM.Collect$$libinit$$00000025          0x080001c6   Section        0  libinit2.o(.ARM.Collect$$libinit$$00000025)
    .ARM.Collect$$libinit$$0000002C          0x080001c6   Section        0  libinit2.o(.ARM.Collect$$libinit$$0000002C)
    .ARM.Collect$$libinit$$0000002E          0x080001c6   Section        0  libinit2.o(.ARM.Collect$$libinit$$0000002E)
    .ARM.Collect$$libinit$$00000030          0x080001c6   Section        0  libinit2.o(.ARM.Collect$$libinit$$00000030)
    .ARM.Collect$$libinit$$00000032          0x080001c6   Section        0  libinit2.o(.ARM.Collect$$libinit$$00000032)
    .ARM.Collect$$libinit$$00000033          0x080001c6   Section        2  libinit2.o(.ARM.Collect$$libinit$$00000033)
    .ARM.Collect$$libshutdown$$00000000      0x080001c8   Section        2  libshutdown.o(.ARM.Collect$$libshutdown$$00000000)
    .ARM.Collect$$libshutdown$$00000002      0x080001ca   Section        0  libshutdown2.o(.ARM.Collect$$libshutdown$$00000002)
    .ARM.Collect$$libshutdown$$00000004      0x080001ca   Section        0  libshutdown2.o(.ARM.Collect$$libshutdown$$00000004)
    .ARM.Collect$$libshutdown$$00000007      0x080001ca   Section        0  libshutdown2.o(.ARM.Collect$$libshutdown$$00000007)
    .ARM.Collect$$libshutdown$$0000000A      0x080001ca   Section        0  libshutdown2.o(.ARM.Collect$$libshutdown$$0000000A)
    .ARM.Collect$$libshutdown$$0000000C      0x080001ca   Section        0  libshutdown2.o(.ARM.Collect$$libshutdown$$0000000C)
    .ARM.Collect$$libshutdown$$0000000F      0x080001ca   Section        0  libshutdown2.o(.ARM.Collect$$libshutdown$$0000000F)
    .ARM.Collect$$libshutdown$$00000010      0x080001ca   Section        2  libshutdown2.o(.ARM.Collect$$libshutdown$$00000010)
    .ARM.Collect$$rtentry$$00000000          0x080001cc   Section        0  __rtentry.o(.ARM.Collect$$rtentry$$00000000)
    .ARM.Collect$$rtentry$$00000002          0x080001cc   Section        0  __rtentry2.o(.ARM.Collect$$rtentry$$00000002)
    .ARM.Collect$$rtentry$$00000004          0x080001cc   Section        6  __rtentry4.o(.ARM.Collect$$rtentry$$00000004)
    .ARM.Collect$$rtentry$$00000009          0x080001d2   Section        0  __rtentry2.o(.ARM.Collect$$rtentry$$00000009)
    .ARM.Collect$$rtentry$$0000000A          0x080001d2   Section        4  __rtentry2.o(.ARM.Collect$$rtentry$$0000000A)
    .ARM.Collect$$rtentry$$0000000C          0x080001d6   Section        0  __rtentry2.o(.ARM.Collect$$rtentry$$0000000C)
    .ARM.Collect$$rtentry$$0000000D          0x080001d6   Section        8  __rtentry2.o(.ARM.Collect$$rtentry$$0000000D)
    .ARM.Collect$$rtexit$$00000000           0x080001de   Section        2  rtexit.o(.ARM.Collect$$rtexit$$00000000)
    .ARM.Collect$$rtexit$$00000002           0x080001e0   Section        0  rtexit2.o(.ARM.Collect$$rtexit$$00000002)
    .ARM.Collect$$rtexit$$00000003           0x080001e0   Section        4  rtexit2.o(.ARM.Collect$$rtexit$$00000003)
    .ARM.Collect$$rtexit$$00000004           0x080001e4   Section        6  rtexit2.o(.ARM.Collect$$rtexit$$00000004)
    .text                                    0x080001ec   Section        0  main.o(.text)
    .text                                    0x08000698   Section        0  stm32f10x_it.o(.text)
    .text                                    0x080006b2   Section        0  delay.o(.text)
    .text                                    0x080006f8   Section        0  usart.o(.text)
    .text                                    0x08000a54   Section        0  led.o(.text)
    .text                                    0x08000a5c   Section        0  timer.o(.text)
    .text                                    0x08000b40   Section        0  misc.o(.text)
    .text                                    0x08000c1c   Section        0  stm32f10x_gpio.o(.text)
    .text                                    0x08000f78   Section        0  stm32f10x_rcc.o(.text)
    .text                                    0x0800131c   Section        0  stm32f10x_usart.o(.text)
    .text                                    0x08001724   Section        0  stm32f10x_tim.o(.text)
    TI4_Config                               0x08001bcb   Thumb Code   130  stm32f10x_tim.o(.text)
    TI3_Config                               0x08001c5f   Thumb Code   122  stm32f10x_tim.o(.text)
    TI2_Config                               0x08001cf3   Thumb Code   130  stm32f10x_tim.o(.text)
    TI1_Config                               0x08001d87   Thumb Code   108  stm32f10x_tim.o(.text)
    .text                                    0x08002540   Section        0  system_stm32f10x.o(.text)
    SetSysClockTo72                          0x08002541   Thumb Code   214  system_stm32f10x.o(.text)
    SetSysClock                              0x08002617   Thumb Code     8  system_stm32f10x.o(.text)
    .text                                    0x08002720   Section       64  startup_stm32f10x_hd.o(.text)
    .text                                    0x08002760   Section        0  noretval__2sprintf.o(.text)
    .text                                    0x08002788   Section        0  _printf_pad.o(.text)
    .text                                    0x080027d8   Section        0  _printf_hex_int.o(.text)
    .text                                    0x08002830   Section        0  __printf_flags_wp.o(.text)
    .text                                    0x08002968   Section      138  rt_memcpy_v6.o(.text)
    .text                                    0x080029f2   Section      100  rt_memcpy_w.o(.text)
    .text                                    0x08002a56   Section       68  rt_memclr.o(.text)
    .text                                    0x08002a9a   Section        0  heapauxi.o(.text)
    .text                                    0x08002aa0   Section        0  _printf_intcommon.o(.text)
    .text                                    0x08002b52   Section        0  _printf_fp_dec.o(.text)
    _fp_digits                               0x08002b55   Thumb Code   428  _printf_fp_dec.o(.text)
    .text                                    0x08002f6c   Section        0  _printf_char_common.o(.text)
    _printf_input_char                       0x08002f6d   Thumb Code    10  _printf_char_common.o(.text)
    .text                                    0x08002f9c   Section        0  _sputc.o(.text)
    .text                                    0x08002fa6   Section       78  rt_memclr_w.o(.text)
    .text                                    0x08002ff4   Section        8  rt_locale_intlibspace.o(.text)
    .text                                    0x08002ffc   Section      138  lludiv10.o(.text)
    .text                                    0x08003088   Section        0  _printf_fp_infnan.o(.text)
    .text                                    0x08003108   Section        0  bigflt0.o(.text)
    .text                                    0x080031e4   Section        8  libspace.o(.text)
    .text                                    0x080031ec   Section       74  sys_stackheap_outer.o(.text)
    .text                                    0x08003236   Section        0  exit.o(.text)
    .text                                    0x08003248   Section      128  strcmpv7m.o(.text)
    .text                                    0x080032c8   Section        0  sys_exit.o(.text)
    .text                                    0x080032d4   Section        2  use_no_semi.o(.text)
    .text                                    0x080032d6   Section        0  indicate_semi.o(.text)
    CL$$btod_d2e                             0x080032d6   Section       62  btod.o(CL$$btod_d2e)
    CL$$btod_d2e_denorm_low                  0x08003314   Section       70  btod.o(CL$$btod_d2e_denorm_low)
    CL$$btod_d2e_norm_op1                    0x0800335a   Section       96  btod.o(CL$$btod_d2e_norm_op1)
    CL$$btod_div_common                      0x080033ba   Section      824  btod.o(CL$$btod_div_common)
    CL$$btod_e2e                             0x080036f2   Section      198  btod.o(CL$$btod_e2e)
    CL$$btod_ediv                            0x080037b8   Section       40  btod.o(CL$$btod_ediv)
    CL$$btod_emul                            0x080037e0   Section       40  btod.o(CL$$btod_emul)
    CL$$btod_mult_common                     0x08003808   Section      580  btod.o(CL$$btod_mult_common)
    i.__ARM_fpclassify                       0x08003a4c   Section        0  fpclassify.o(i.__ARM_fpclassify)
    i._is_digit                              0x08003a74   Section        0  __printf_wp.o(i._is_digit)
    locale$$code                             0x08003a84   Section       44  lc_numeric_c.o(locale$$code)
    x$fpl$d2f                                0x08003ab0   Section       98  d2f.o(x$fpl$d2f)
    x$fpl$dadd                               0x08003b14   Section      336  daddsub_clz.o(x$fpl$dadd)
    _dadd1                                   0x08003b25   Thumb Code     0  daddsub_clz.o(x$fpl$dadd)
    x$fpl$dcmpinf                            0x08003c64   Section       24  dcmpi.o(x$fpl$dcmpinf)
    x$fpl$dfltu                              0x08003c7c   Section       38  dflt_clz.o(x$fpl$dfltu)
    x$fpl$dleqf                              0x08003ca4   Section      120  dleqf.o(x$fpl$dleqf)
    x$fpl$dmul                               0x08003d1c   Section      340  dmul.o(x$fpl$dmul)
    x$fpl$dnaninf                            0x08003e70   Section      156  dnaninf.o(x$fpl$dnaninf)
    x$fpl$dretinf                            0x08003f0c   Section       12  dretinf.o(x$fpl$dretinf)
    x$fpl$drleqf                             0x08003f18   Section      108  drleqf.o(x$fpl$drleqf)
    x$fpl$dsub                               0x08003f84   Section      468  daddsub_clz.o(x$fpl$dsub)
    _dsub1                                   0x08003f95   Thumb Code     0  daddsub_clz.o(x$fpl$dsub)
    x$fpl$f2d                                0x08004158   Section       86  f2d.o(x$fpl$f2d)
    x$fpl$fnaninf                            0x080041ae   Section      140  fnaninf.o(x$fpl$fnaninf)
    x$fpl$fretinf                            0x0800423a   Section       10  fretinf.o(x$fpl$fretinf)
    x$fpl$printf1                            0x08004244   Section        4  printf1.o(x$fpl$printf1)
    .constdata                               0x08004248   Section        9  main.o(.constdata)
    x$fpl$usenofp                            0x08004248   Section        0  usenofp.o(x$fpl$usenofp)
    .constdata                               0x08004251   Section       40  _printf_hex_int.o(.constdata)
    uc_hextab                                0x08004251   Data          20  _printf_hex_int.o(.constdata)
    lc_hextab                                0x08004265   Data          20  _printf_hex_int.o(.constdata)
    .constdata                               0x08004279   Section       17  __printf_flags_wp.o(.constdata)
    maptable                                 0x08004279   Data          17  __printf_flags_wp.o(.constdata)
    .constdata                               0x0800428c   Section      148  bigflt0.o(.constdata)
    tenpwrs_x                                0x0800428c   Data          60  bigflt0.o(.constdata)
    tenpwrs_i                                0x080042c8   Data          64  bigflt0.o(.constdata)
    locale$$data                             0x08004340   Section       28  lc_numeric_c.o(locale$$data)
    __lcnum_c_name                           0x08004344   Data           2  lc_numeric_c.o(locale$$data)
    __lcnum_c_start                          0x0800434c   Data           0  lc_numeric_c.o(locale$$data)
    __lcnum_c_point                          0x08004358   Data           0  lc_numeric_c.o(locale$$data)
    __lcnum_c_thousands                      0x0800435a   Data           0  lc_numeric_c.o(locale$$data)
    __lcnum_c_grouping                       0x0800435b   Data           0  lc_numeric_c.o(locale$$data)
    __lcnum_c_end                            0x0800435c   Data           0  lc_numeric_c.o(locale$$data)
    .data                                    0x20000000   Section       41  main.o(.data)
    .data                                    0x2000002c   Section       27  usart.o(.data)
    .data                                    0x20000047   Section        1  timer.o(.data)
    .data                                    0x20000048   Section       20  stm32f10x_rcc.o(.data)
    APBAHBPrescTable                         0x20000048   Data          16  stm32f10x_rcc.o(.data)
    ADCPrescTable                            0x20000058   Data           4  stm32f10x_rcc.o(.data)
    .data                                    0x2000005c   Section       20  system_stm32f10x.o(.data)
    .bss                                     0x20000070   Section      128  usart.o(.bss)
    .bss                                     0x200000f0   Section       96  libspace.o(.bss)
    HEAP                                     0x20000150   Section      512  startup_stm32f10x_hd.o(HEAP)
    Heap_Mem                                 0x20000150   Data         512  startup_stm32f10x_hd.o(HEAP)
    STACK                                    0x20000350   Section     1024  startup_stm32f10x_hd.o(STACK)
    Stack_Mem                                0x20000350   Data        1024  startup_stm32f10x_hd.o(STACK)
    __initial_sp                             0x20000750   Data           0  startup_stm32f10x_hd.o(STACK)

    Global Symbols

    Symbol Name                              Value     Ov Type        Size  Object(Section)

    BuildAttributes$$THM_ISAv4$P$D$K$B$S$PE$A:L22UL41UL21$X:L11$S22US41US21$IEEE1$IW$USESV6$~STKCKD$USESV7$~SHL$OTIME$ROPI$IEEEJ$EBA8$UX$STANDARDLIB$REQ8$PRES8$EABIv2 0x00000000   Number         0  anon$$obj.o ABSOLUTE
    __ARM_use_no_argv                        0x00000000   Number         0  main.o ABSOLUTE
    _printf_flags                            0x00000000   Number         0  printf_stubs.o ABSOLUTE
    _printf_return_value                     0x00000000   Number         0  printf_stubs.o ABSOLUTE
    _printf_sizespec                         0x00000000   Number         0  printf_stubs.o ABSOLUTE
    _printf_widthprec                        0x00000000   Number         0  printf_stubs.o ABSOLUTE
    __ARM_exceptions_init                     - Undefined Weak Reference
    __alloca_initialize                       - Undefined Weak Reference
    __arm_preinit_                            - Undefined Weak Reference
    __cpp_initialize__aeabi_                  - Undefined Weak Reference
    __cxa_finalize                            - Undefined Weak Reference
    __sigvec_lookup                           - Undefined Weak Reference
    _atexit_init                              - Undefined Weak Reference
    _call_atexit_fns                          - Undefined Weak Reference
    _clock_init                               - Undefined Weak Reference
    _fp_trap_init                             - Undefined Weak Reference
    _fp_trap_shutdown                         - Undefined Weak Reference
    _get_lc_collate                           - Undefined Weak Reference
    _get_lc_ctype                             - Undefined Weak Reference
    _get_lc_monetary                          - Undefined Weak Reference
    _get_lc_time                              - Undefined Weak Reference
    _getenv_init                              - Undefined Weak Reference
    _handle_redirection                       - Undefined Weak Reference
    _init_alloc                               - Undefined Weak Reference
    _init_user_alloc                          - Undefined Weak Reference
    _initio                                   - Undefined Weak Reference
    _printf_truncate_unsigned                 - Undefined Weak Reference
    _rand_init                                - Undefined Weak Reference
    _signal_finish                            - Undefined Weak Reference
    _signal_init                              - Undefined Weak Reference
    _terminate_alloc                          - Undefined Weak Reference
    _terminate_user_alloc                     - Undefined Weak Reference
    _terminateio                              - Undefined Weak Reference
    __Vectors_Size                           0x00000130   Number         0  startup_stm32f10x_hd.o ABSOLUTE
    __Vectors                                0x08000000   Data           4  startup_stm32f10x_hd.o(RESET)
    __Vectors_End                            0x08000130   Data           0  startup_stm32f10x_hd.o(RESET)
    __main                                   0x08000131   Thumb Code     8  __main.o(!!!main)
    __scatterload                            0x08000139   Thumb Code     0  __scatter.o(!!!scatter)
    __scatterload_rt2                        0x08000139   Thumb Code    44  __scatter.o(!!!scatter)
    __scatterload_rt2_thumb_only             0x08000139   Thumb Code     0  __scatter.o(!!!scatter)
    __scatterload_null                       0x08000147   Thumb Code     0  __scatter.o(!!!scatter)
    __scatterload_copy                       0x0800016d   Thumb Code    26  __scatter_copy.o(!!handler_copy)
    __scatterload_zeroinit                   0x08000189   Thumb Code    28  __scatter_zi.o(!!handler_zi)
    _printf_f                                0x080001a5   Thumb Code     0  _printf_f.o(.ARM.Collect$$_printf_percent$$00000003)
    _printf_percent                          0x080001a5   Thumb Code     0  _printf_percent.o(.ARM.Collect$$_printf_percent$$00000000)
    _printf_x                                0x080001ab   Thumb Code     0  _printf_x.o(.ARM.Collect$$_printf_percent$$0000000C)
    _printf_percent_end                      0x080001b1   Thumb Code     0  _printf_percent_end.o(.ARM.Collect$$_printf_percent$$00000017)
    __rt_lib_init                            0x080001b5   Thumb Code     0  libinit.o(.ARM.Collect$$libinit$$00000000)
    __rt_lib_init_fp_1                       0x080001b7   Thumb Code     0  libinit2.o(.ARM.Collect$$libinit$$00000002)
    __rt_lib_init_heap_1                     0x080001b7   Thumb Code     0  libinit2.o(.ARM.Collect$$libinit$$0000000A)
    __rt_lib_init_lc_common                  0x080001b7   Thumb Code     0  libinit2.o(.ARM.Collect$$libinit$$0000000F)
    __rt_lib_init_preinit_1                  0x080001b7   Thumb Code     0  libinit2.o(.ARM.Collect$$libinit$$00000004)
    __rt_lib_init_rand_1                     0x080001b7   Thumb Code     0  libinit2.o(.ARM.Collect$$libinit$$0000000E)
    __rt_lib_init_user_alloc_1               0x080001b7   Thumb Code     0  libinit2.o(.ARM.Collect$$libinit$$0000000C)
    __rt_lib_init_lc_collate_1               0x080001bd   Thumb Code     0  libinit2.o(.ARM.Collect$$libinit$$00000011)
    __rt_lib_init_lc_ctype_1                 0x080001bd   Thumb Code     0  libinit2.o(.ARM.Collect$$libinit$$00000013)
    __rt_lib_init_lc_monetary_1              0x080001bd   Thumb Code     0  libinit2.o(.ARM.Collect$$libinit$$00000015)
    __rt_lib_init_lc_numeric_2               0x080001bd   Thumb Code     0  libinit2.o(.ARM.Collect$$libinit$$00000016)
    __rt_lib_init_alloca_1                   0x080001c7   Thumb Code     0  libinit2.o(.ARM.Collect$$libinit$$0000002E)
    __rt_lib_init_argv_1                     0x080001c7   Thumb Code     0  libinit2.o(.ARM.Collect$$libinit$$0000002C)
    __rt_lib_init_atexit_1                   0x080001c7   Thumb Code     0  libinit2.o(.ARM.Collect$$libinit$$0000001B)
    __rt_lib_init_clock_1                    0x080001c7   Thumb Code     0  libinit2.o(.ARM.Collect$$libinit$$00000021)
    __rt_lib_init_cpp_1                      0x080001c7   Thumb Code     0  libinit2.o(.ARM.Collect$$libinit$$00000032)
    __rt_lib_init_exceptions_1               0x080001c7   Thumb Code     0  libinit2.o(.ARM.Collect$$libinit$$00000030)
    __rt_lib_init_fp_trap_1                  0x080001c7   Thumb Code     0  libinit2.o(.ARM.Collect$$libinit$$0000001F)
    __rt_lib_init_getenv_1                   0x080001c7   Thumb Code     0  libinit2.o(.ARM.Collect$$libinit$$00000023)
    __rt_lib_init_lc_numeric_1               0x080001c7   Thumb Code     0  libinit2.o(.ARM.Collect$$libinit$$00000017)
    __rt_lib_init_lc_time_1                  0x080001c7   Thumb Code     0  libinit2.o(.ARM.Collect$$libinit$$00000019)
    __rt_lib_init_return                     0x080001c7   Thumb Code     0  libinit2.o(.ARM.Collect$$libinit$$00000033)
    __rt_lib_init_signal_1                   0x080001c7   Thumb Code     0  libinit2.o(.ARM.Collect$$libinit$$0000001D)
    __rt_lib_init_stdio_1                    0x080001c7   Thumb Code     0  libinit2.o(.ARM.Collect$$libinit$$00000025)
    __rt_lib_shutdown                        0x080001c9   Thumb Code     0  libshutdown.o(.ARM.Collect$$libshutdown$$00000000)
    __rt_lib_shutdown_cpp_1                  0x080001cb   Thumb Code     0  libshutdown2.o(.ARM.Collect$$libshutdown$$00000002)
    __rt_lib_shutdown_fp_trap_1              0x080001cb   Thumb Code     0  libshutdown2.o(.ARM.Collect$$libshutdown$$00000007)
    __rt_lib_shutdown_heap_1                 0x080001cb   Thumb Code     0  libshutdown2.o(.ARM.Collect$$libshutdown$$0000000F)
    __rt_lib_shutdown_return                 0x080001cb   Thumb Code     0  libshutdown2.o(.ARM.Collect$$libshutdown$$00000010)
    __rt_lib_shutdown_signal_1               0x080001cb   Thumb Code     0  libshutdown2.o(.ARM.Collect$$libshutdown$$0000000A)
    __rt_lib_shutdown_stdio_1                0x080001cb   Thumb Code     0  libshutdown2.o(.ARM.Collect$$libshutdown$$00000004)
    __rt_lib_shutdown_user_alloc_1           0x080001cb   Thumb Code     0  libshutdown2.o(.ARM.Collect$$libshutdown$$0000000C)
    __rt_entry                               0x080001cd   Thumb Code     0  __rtentry.o(.ARM.Collect$$rtentry$$00000000)
    __rt_entry_presh_1                       0x080001cd   Thumb Code     0  __rtentry2.o(.ARM.Collect$$rtentry$$00000002)
    __rt_entry_sh                            0x080001cd   Thumb Code     0  __rtentry4.o(.ARM.Collect$$rtentry$$00000004)
    __rt_entry_li                            0x080001d3   Thumb Code     0  __rtentry2.o(.ARM.Collect$$rtentry$$0000000A)
    __rt_entry_postsh_1                      0x080001d3   Thumb Code     0  __rtentry2.o(.ARM.Collect$$rtentry$$00000009)
    __rt_entry_main                          0x080001d7   Thumb Code     0  __rtentry2.o(.ARM.Collect$$rtentry$$0000000D)
    __rt_entry_postli_1                      0x080001d7   Thumb Code     0  __rtentry2.o(.ARM.Collect$$rtentry$$0000000C)
    __rt_exit                                0x080001df   Thumb Code     0  rtexit.o(.ARM.Collect$$rtexit$$00000000)
    __rt_exit_ls                             0x080001e1   Thumb Code     0  rtexit2.o(.ARM.Collect$$rtexit$$00000003)
    __rt_exit_prels_1                        0x080001e1   Thumb Code     0  rtexit2.o(.ARM.Collect$$rtexit$$00000002)
    __rt_exit_exit                           0x080001e5   Thumb Code     0  rtexit2.o(.ARM.Collect$$rtexit$$00000004)
    GPIO_Configuration                       0x080001ed   Thumb Code   144  main.o(.text)
    main                                     0x0800027d   Thumb Code  1048  main.o(.text)
    NMI_Handler                              0x08000699   Thumb Code     2  stm32f10x_it.o(.text)
    HardFault_Handler                        0x0800069b   Thumb Code     4  stm32f10x_it.o(.text)
    MemManage_Handler                        0x0800069f   Thumb Code     4  stm32f10x_it.o(.text)
    BusFault_Handler                         0x080006a3   Thumb Code     4  stm32f10x_it.o(.text)
    UsageFault_Handler                       0x080006a7   Thumb Code     4  stm32f10x_it.o(.text)
    SVC_Handler                              0x080006ab   Thumb Code     2  stm32f10x_it.o(.text)
    DebugMon_Handler                         0x080006ad   Thumb Code     2  stm32f10x_it.o(.text)
    PendSV_Handler                           0x080006af   Thumb Code     2  stm32f10x_it.o(.text)
    SysTick_Handler                          0x080006b1   Thumb Code     2  stm32f10x_it.o(.text)
    delay_us                                 0x080006b3   Thumb Code    28  delay.o(.text)
    delay_ms                                 0x080006cf   Thumb Code    40  delay.o(.text)
    USART1_Init                              0x080006f9   Thumb Code   144  usart.o(.text)
    USART_Configuration                      0x08000789   Thumb Code   142  usart.o(.text)
    USART1_IRQHandler                        0x08000817   Thumb Code   168  usart.o(.text)
    UsartSendDat                             0x080008bf   Thumb Code    40  usart.o(.text)
    ADC_Init_E                               0x080008e7   Thumb Code   252  usart.o(.text)
    Get_AdcData                              0x080009e3   Thumb Code    68  usart.o(.text)
    LED_Toggle                               0x08000a55   Thumb Code     8  led.o(.text)
    TIM3_Init                                0x08000a5d   Thumb Code   116  timer.o(.text)
    LED_Blink                                0x08000ad1   Thumb Code    44  timer.o(.text)
    TIM3_IRQHandler                          0x08000afd   Thumb Code    46  timer.o(.text)
    NVIC_PriorityGroupConfig                 0x08000b41   Thumb Code    10  misc.o(.text)
    NVIC_Init                                0x08000b4b   Thumb Code   100  misc.o(.text)
    NVIC_SetVectorTable                      0x08000baf   Thumb Code    14  misc.o(.text)
    NVIC_SystemLPConfig                      0x08000bbd   Thumb Code    34  misc.o(.text)
    SysTick_CLKSourceConfig                  0x08000bdf   Thumb Code    40  misc.o(.text)
    GPIO_DeInit                              0x08000c1d   Thumb Code   172  stm32f10x_gpio.o(.text)
    GPIO_AFIODeInit                          0x08000cc9   Thumb Code    20  stm32f10x_gpio.o(.text)
    GPIO_Init                                0x08000cdd   Thumb Code   278  stm32f10x_gpio.o(.text)
    GPIO_StructInit                          0x08000df3   Thumb Code    16  stm32f10x_gpio.o(.text)
    GPIO_ReadInputDataBit                    0x08000e03   Thumb Code    18  stm32f10x_gpio.o(.text)
    GPIO_ReadInputData                       0x08000e15   Thumb Code     8  stm32f10x_gpio.o(.text)
    GPIO_ReadOutputDataBit                   0x08000e1d   Thumb Code    18  stm32f10x_gpio.o(.text)
    GPIO_ReadOutputData                      0x08000e2f   Thumb Code     8  stm32f10x_gpio.o(.text)
    GPIO_SetBits                             0x08000e37   Thumb Code     4  stm32f10x_gpio.o(.text)
    GPIO_ResetBits                           0x08000e3b   Thumb Code     4  stm32f10x_gpio.o(.text)
    GPIO_WriteBit                            0x08000e3f   Thumb Code    10  stm32f10x_gpio.o(.text)
    GPIO_Write                               0x08000e49   Thumb Code     4  stm32f10x_gpio.o(.text)
    GPIO_PinLockConfig                       0x08000e4d   Thumb Code    18  stm32f10x_gpio.o(.text)
    GPIO_EventOutputConfig                   0x08000e5f   Thumb Code    26  stm32f10x_gpio.o(.text)
    GPIO_EventOutputCmd                      0x08000e79   Thumb Code     6  stm32f10x_gpio.o(.text)
    GPIO_PinRemapConfig                      0x08000e7f   Thumb Code   138  stm32f10x_gpio.o(.text)
    GPIO_EXTILineConfig                      0x08000f09   Thumb Code    66  stm32f10x_gpio.o(.text)
    GPIO_ETH_MediaInterfaceConfig            0x08000f4b   Thumb Code     8  stm32f10x_gpio.o(.text)
    RCC_DeInit                               0x08000f79   Thumb Code    64  stm32f10x_rcc.o(.text)
    RCC_HSEConfig                            0x08000fb9   Thumb Code    70  stm32f10x_rcc.o(.text)
    RCC_GetFlagStatus                        0x08000fff   Thumb Code    56  stm32f10x_rcc.o(.text)
    RCC_WaitForHSEStartUp                    0x08001037   Thumb Code    56  stm32f10x_rcc.o(.text)
    RCC_AdjustHSICalibrationValue            0x0800106f   Thumb Code    20  stm32f10x_rcc.o(.text)
    RCC_HSICmd                               0x08001083   Thumb Code     6  stm32f10x_rcc.o(.text)
    RCC_PLLConfig                            0x08001089   Thumb Code    24  stm32f10x_rcc.o(.text)
    RCC_PLLCmd                               0x080010a1   Thumb Code     6  stm32f10x_rcc.o(.text)
    RCC_SYSCLKConfig                         0x080010a7   Thumb Code    18  stm32f10x_rcc.o(.text)
    RCC_GetSYSCLKSource                      0x080010b9   Thumb Code    10  stm32f10x_rcc.o(.text)
    RCC_HCLKConfig                           0x080010c3   Thumb Code    18  stm32f10x_rcc.o(.text)
    RCC_PCLK1Config                          0x080010d5   Thumb Code    18  stm32f10x_rcc.o(.text)
    RCC_PCLK2Config                          0x080010e7   Thumb Code    20  stm32f10x_rcc.o(.text)
    RCC_ITConfig                             0x080010fb   Thumb Code    26  stm32f10x_rcc.o(.text)
    RCC_USBCLKConfig                         0x08001115   Thumb Code     8  stm32f10x_rcc.o(.text)
    RCC_ADCCLKConfig                         0x0800111d   Thumb Code    18  stm32f10x_rcc.o(.text)
    RCC_LSEConfig                            0x0800112f   Thumb Code    50  stm32f10x_rcc.o(.text)
    RCC_LSICmd                               0x08001161   Thumb Code     6  stm32f10x_rcc.o(.text)
    RCC_RTCCLKConfig                         0x08001167   Thumb Code    12  stm32f10x_rcc.o(.text)
    RCC_RTCCLKCmd                            0x08001173   Thumb Code     8  stm32f10x_rcc.o(.text)
    RCC_GetClocksFreq                        0x0800117b   Thumb Code   192  stm32f10x_rcc.o(.text)
    RCC_AHBPeriphClockCmd                    0x0800123b   Thumb Code    26  stm32f10x_rcc.o(.text)
    RCC_APB2PeriphClockCmd                   0x08001255   Thumb Code    26  stm32f10x_rcc.o(.text)
    RCC_APB1PeriphClockCmd                   0x0800126f   Thumb Code    26  stm32f10x_rcc.o(.text)
    RCC_APB2PeriphResetCmd                   0x08001289   Thumb Code    26  stm32f10x_rcc.o(.text)
    RCC_APB1PeriphResetCmd                   0x080012a3   Thumb Code    26  stm32f10x_rcc.o(.text)
    RCC_BackupResetCmd                       0x080012bd   Thumb Code     8  stm32f10x_rcc.o(.text)
    RCC_ClockSecuritySystemCmd               0x080012c5   Thumb Code     6  stm32f10x_rcc.o(.text)
    RCC_MCOConfig                            0x080012cb   Thumb Code     6  stm32f10x_rcc.o(.text)
    RCC_ClearFlag                            0x080012d1   Thumb Code    14  stm32f10x_rcc.o(.text)
    RCC_GetITStatus                          0x080012df   Thumb Code    20  stm32f10x_rcc.o(.text)
    RCC_ClearITPendingBit                    0x080012f3   Thumb Code     6  stm32f10x_rcc.o(.text)
    USART_DeInit                             0x0800131d   Thumb Code   134  stm32f10x_usart.o(.text)
    USART_Init                               0x080013a3   Thumb Code   210  stm32f10x_usart.o(.text)
    USART_StructInit                         0x08001475   Thumb Code    24  stm32f10x_usart.o(.text)
    USART_ClockInit                          0x0800148d   Thumb Code    34  stm32f10x_usart.o(.text)
    USART_ClockStructInit                    0x080014af   Thumb Code    12  stm32f10x_usart.o(.text)
    USART_Cmd                                0x080014bb   Thumb Code    24  stm32f10x_usart.o(.text)
    USART_ITConfig                           0x080014d3   Thumb Code    74  stm32f10x_usart.o(.text)
    USART_DMACmd                             0x0800151d   Thumb Code    18  stm32f10x_usart.o(.text)
    USART_SetAddress                         0x0800152f   Thumb Code    18  stm32f10x_usart.o(.text)
    USART_WakeUpConfig                       0x08001541   Thumb Code    18  stm32f10x_usart.o(.text)
    USART_ReceiverWakeUpCmd                  0x08001553   Thumb Code    24  stm32f10x_usart.o(.text)
    USART_LINBreakDetectLengthConfig         0x0800156b   Thumb Code    18  stm32f10x_usart.o(.text)
    USART_LINCmd                             0x0800157d   Thumb Code    24  stm32f10x_usart.o(.text)
    USART_SendData                           0x08001595   Thumb Code     8  stm32f10x_usart.o(.text)
    USART_ReceiveData                        0x0800159d   Thumb Code    10  stm32f10x_usart.o(.text)
    USART_SendBreak                          0x080015a7   Thumb Code    10  stm32f10x_usart.o(.text)
    USART_SetGuardTime                       0x080015b1   Thumb Code    16  stm32f10x_usart.o(.text)
    USART_SetPrescaler                       0x080015c1   Thumb Code    16  stm32f10x_usart.o(.text)
    USART_SmartCardCmd                       0x080015d1   Thumb Code    24  stm32f10x_usart.o(.text)
    USART_SmartCardNACKCmd                   0x080015e9   Thumb Code    24  stm32f10x_usart.o(.text)
    USART_HalfDuplexCmd                      0x08001601   Thumb Code    24  stm32f10x_usart.o(.text)
    USART_OverSampling8Cmd                   0x08001619   Thumb Code    22  stm32f10x_usart.o(.text)
    USART_OneBitMethodCmd                    0x0800162f   Thumb Code    24  stm32f10x_usart.o(.text)
    USART_IrDAConfig                         0x08001647   Thumb Code    18  stm32f10x_usart.o(.text)
    USART_IrDACmd                            0x08001659   Thumb Code    24  stm32f10x_usart.o(.text)
    USART_GetFlagStatus                      0x08001671   Thumb Code    26  stm32f10x_usart.o(.text)
    USART_ClearFlag                          0x0800168b   Thumb Code    18  stm32f10x_usart.o(.text)
    USART_GetITStatus                        0x0800169d   Thumb Code    84  stm32f10x_usart.o(.text)
    USART_ClearITPendingBit                  0x080016f1   Thumb Code    52  stm32f10x_usart.o(.text)
    TIM_DeInit                               0x08001725   Thumb Code   424  stm32f10x_tim.o(.text)
    TIM_TimeBaseInit                         0x080018cd   Thumb Code   122  stm32f10x_tim.o(.text)
    TIM_OC1Init                              0x08001947   Thumb Code   132  stm32f10x_tim.o(.text)
    TIM_OC2Init                              0x080019cb   Thumb Code   154  stm32f10x_tim.o(.text)
    TIM_OC3Init                              0x08001a65   Thumb Code   150  stm32f10x_tim.o(.text)
    TIM_OC4Init                              0x08001afb   Thumb Code   182  stm32f10x_tim.o(.text)
    TIM_SetIC4Prescaler                      0x08001bb1   Thumb Code    26  stm32f10x_tim.o(.text)
    TIM_SetIC3Prescaler                      0x08001c4d   Thumb Code    18  stm32f10x_tim.o(.text)
    TIM_SetIC2Prescaler                      0x08001cd9   Thumb Code    26  stm32f10x_tim.o(.text)
    TIM_SetIC1Prescaler                      0x08001d75   Thumb Code    18  stm32f10x_tim.o(.text)
    TIM_ICInit                               0x08001df3   Thumb Code   150  stm32f10x_tim.o(.text)
    TIM_PWMIConfig                           0x08001e89   Thumb Code   124  stm32f10x_tim.o(.text)
    TIM_BDTRConfig                           0x08001f05   Thumb Code    32  stm32f10x_tim.o(.text)
    TIM_TimeBaseStructInit                   0x08001f25   Thumb Code    18  stm32f10x_tim.o(.text)
    TIM_OCStructInit                         0x08001f37   Thumb Code    20  stm32f10x_tim.o(.text)
    TIM_ICStructInit                         0x08001f4b   Thumb Code    18  stm32f10x_tim.o(.text)
    TIM_BDTRStructInit                       0x08001f5d   Thumb Code    40  stm32f10x_tim.o(.text)
    TIM_Cmd                                  0x08001f85   Thumb Code    24  stm32f10x_tim.o(.text)
    TIM_CtrlPWMOutputs                       0x08001f9d   Thumb Code    30  stm32f10x_tim.o(.text)
    TIM_ITConfig                             0x08001fbb   Thumb Code    18  stm32f10x_tim.o(.text)
    TIM_GenerateEvent                        0x08001fcd   Thumb Code     4  stm32f10x_tim.o(.text)
    TIM_DMAConfig                            0x08001fd1   Thumb Code    10  stm32f10x_tim.o(.text)
    TIM_DMACmd                               0x08001fdb   Thumb Code    18  stm32f10x_tim.o(.text)
    TIM_InternalClockConfig                  0x08001fed   Thumb Code    12  stm32f10x_tim.o(.text)
    TIM_SelectInputTrigger                   0x08001ff9   Thumb Code    18  stm32f10x_tim.o(.text)
    TIM_ITRxExternalClockConfig              0x0800200b   Thumb Code    24  stm32f10x_tim.o(.text)
    TIM_TIxExternalClockConfig               0x08002023   Thumb Code    62  stm32f10x_tim.o(.text)
    TIM_ETRConfig                            0x08002061   Thumb Code    28  stm32f10x_tim.o(.text)
    TIM_ETRClockMode1Config                  0x0800207d   Thumb Code    54  stm32f10x_tim.o(.text)
    TIM_ETRClockMode2Config                  0x080020b3   Thumb Code    32  stm32f10x_tim.o(.text)
    TIM_PrescalerConfig                      0x080020d3   Thumb Code     6  stm32f10x_tim.o(.text)
    TIM_CounterModeConfig                    0x080020d9   Thumb Code    18  stm32f10x_tim.o(.text)
    TIM_EncoderInterfaceConfig               0x080020eb   Thumb Code    66  stm32f10x_tim.o(.text)
    TIM_ForcedOC1Config                      0x0800212d   Thumb Code    18  stm32f10x_tim.o(.text)
    TIM_ForcedOC2Config                      0x0800213f   Thumb Code    26  stm32f10x_tim.o(.text)
    TIM_ForcedOC3Config                      0x08002159   Thumb Code    18  stm32f10x_tim.o(.text)
    TIM_ForcedOC4Config                      0x0800216b   Thumb Code    26  stm32f10x_tim.o(.text)
    TIM_ARRPreloadConfig                     0x08002185   Thumb Code    24  stm32f10x_tim.o(.text)
    TIM_SelectCOM                            0x0800219d   Thumb Code    24  stm32f10x_tim.o(.text)
    TIM_SelectCCDMA                          0x080021b5   Thumb Code    24  stm32f10x_tim.o(.text)
    TIM_CCPreloadControl                     0x080021cd   Thumb Code    24  stm32f10x_tim.o(.text)
    TIM_OC1PreloadConfig                     0x080021e5   Thumb Code    18  stm32f10x_tim.o(.text)
    TIM_OC2PreloadConfig                     0x080021f7   Thumb Code    26  stm32f10x_tim.o(.text)
    TIM_OC3PreloadConfig                     0x08002211   Thumb Code    18  stm32f10x_tim.o(.text)
    TIM_OC4PreloadConfig                     0x08002223   Thumb Code    26  stm32f10x_tim.o(.text)
    TIM_OC1FastConfig                        0x0800223d   Thumb Code    18  stm32f10x_tim.o(.text)
    TIM_OC2FastConfig                        0x0800224f   Thumb Code    26  stm32f10x_tim.o(.text)
    TIM_OC3FastConfig                        0x08002269   Thumb Code    18  stm32f10x_tim.o(.text)
    TIM_OC4FastConfig                        0x0800227b   Thumb Code    26  stm32f10x_tim.o(.text)
    TIM_ClearOC1Ref                          0x08002295   Thumb Code    18  stm32f10x_tim.o(.text)
    TIM_ClearOC2Ref                          0x080022a7   Thumb Code    24  stm32f10x_tim.o(.text)
    TIM_ClearOC3Ref                          0x080022bf   Thumb Code    18  stm32f10x_tim.o(.text)
    TIM_ClearOC4Ref                          0x080022d1   Thumb Code    24  stm32f10x_tim.o(.text)
    TIM_OC1PolarityConfig                    0x080022e9   Thumb Code    18  stm32f10x_tim.o(.text)
    TIM_OC1NPolarityConfig                   0x080022fb   Thumb Code    18  stm32f10x_tim.o(.text)
    TIM_OC2PolarityConfig                    0x0800230d   Thumb Code    26  stm32f10x_tim.o(.text)
    TIM_OC2NPolarityConfig                   0x08002327   Thumb Code    26  stm32f10x_tim.o(.text)
    TIM_OC3PolarityConfig                    0x08002341   Thumb Code    26  stm32f10x_tim.o(.text)
    TIM_OC3NPolarityConfig                   0x0800235b   Thumb Code    26  stm32f10x_tim.o(.text)
    TIM_OC4PolarityConfig                    0x08002375   Thumb Code    26  stm32f10x_tim.o(.text)
    TIM_CCxCmd                               0x0800238f   Thumb Code    30  stm32f10x_tim.o(.text)
    TIM_CCxNCmd                              0x080023ad   Thumb Code    30  stm32f10x_tim.o(.text)
    TIM_SelectOCxM                           0x080023cb   Thumb Code    82  stm32f10x_tim.o(.text)
    TIM_UpdateDisableConfig                  0x0800241d   Thumb Code    24  stm32f10x_tim.o(.text)
    TIM_UpdateRequestConfig                  0x08002435   Thumb Code    24  stm32f10x_tim.o(.text)
    TIM_SelectHallSensor                     0x0800244d   Thumb Code    24  stm32f10x_tim.o(.text)
    TIM_SelectOnePulseMode                   0x08002465   Thumb Code    18  stm32f10x_tim.o(.text)
    TIM_SelectOutputTrigger                  0x08002477   Thumb Code    18  stm32f10x_tim.o(.text)
    TIM_SelectSlaveMode                      0x08002489   Thumb Code    18  stm32f10x_tim.o(.text)
    TIM_SelectMasterSlaveMode                0x0800249b   Thumb Code    18  stm32f10x_tim.o(.text)
    TIM_SetCounter                           0x080024ad   Thumb Code     4  stm32f10x_tim.o(.text)
    TIM_SetAutoreload                        0x080024b1   Thumb Code     4  stm32f10x_tim.o(.text)
    TIM_SetCompare1                          0x080024b5   Thumb Code     4  stm32f10x_tim.o(.text)
    TIM_SetCompare2                          0x080024b9   Thumb Code     4  stm32f10x_tim.o(.text)
    TIM_SetCompare3                          0x080024bd   Thumb Code     4  stm32f10x_tim.o(.text)
    TIM_SetCompare4                          0x080024c1   Thumb Code     6  stm32f10x_tim.o(.text)
    TIM_SetClockDivision                     0x080024c7   Thumb Code    18  stm32f10x_tim.o(.text)
    TIM_GetCapture1                          0x080024d9   Thumb Code     6  stm32f10x_tim.o(.text)
    TIM_GetCapture2                          0x080024df   Thumb Code     6  stm32f10x_tim.o(.text)
    TIM_GetCapture3                          0x080024e5   Thumb Code     6  stm32f10x_tim.o(.text)
    TIM_GetCapture4                          0x080024eb   Thumb Code     8  stm32f10x_tim.o(.text)
    TIM_GetCounter                           0x080024f3   Thumb Code     6  stm32f10x_tim.o(.text)
    TIM_GetPrescaler                         0x080024f9   Thumb Code     6  stm32f10x_tim.o(.text)
    TIM_GetFlagStatus                        0x080024ff   Thumb Code    18  stm32f10x_tim.o(.text)
    TIM_ClearFlag                            0x08002511   Thumb Code     6  stm32f10x_tim.o(.text)
    TIM_GetITStatus                          0x08002517   Thumb Code    34  stm32f10x_tim.o(.text)
    TIM_ClearITPendingBit                    0x08002539   Thumb Code     6  stm32f10x_tim.o(.text)
    SystemInit                               0x0800261f   Thumb Code    78  system_stm32f10x.o(.text)
    SystemCoreClockUpdate                    0x0800266d   Thumb Code   142  system_stm32f10x.o(.text)
    Reset_Handler                            0x08002721   Thumb Code     8  startup_stm32f10x_hd.o(.text)
    ADC1_2_IRQHandler                        0x0800273b   Thumb Code     0  startup_stm32f10x_hd.o(.text)
    ADC3_IRQHandler                          0x0800273b   Thumb Code     0  startup_stm32f10x_hd.o(.text)
    CAN1_RX1_IRQHandler                      0x0800273b   Thumb Code     0  startup_stm32f10x_hd.o(.text)
    CAN1_SCE_IRQHandler                      0x0800273b   Thumb Code     0  startup_stm32f10x_hd.o(.text)
    DMA1_Channel1_IRQHandler                 0x0800273b   Thumb Code     0  startup_stm32f10x_hd.o(.text)
    DMA1_Channel2_IRQHandler                 0x0800273b   Thumb Code     0  startup_stm32f10x_hd.o(.text)
    DMA1_Channel3_IRQHandler                 0x0800273b   Thumb Code     0  startup_stm32f10x_hd.o(.text)
    DMA1_Channel4_IRQHandler                 0x0800273b   Thumb Code     0  startup_stm32f10x_hd.o(.text)
    DMA1_Channel5_IRQHandler                 0x0800273b   Thumb Code     0  startup_stm32f10x_hd.o(.text)
    DMA1_Channel6_IRQHandler                 0x0800273b   Thumb Code     0  startup_stm32f10x_hd.o(.text)
    DMA1_Channel7_IRQHandler                 0x0800273b   Thumb Code     0  startup_stm32f10x_hd.o(.text)
    DMA2_Channel1_IRQHandler                 0x0800273b   Thumb Code     0  startup_stm32f10x_hd.o(.text)
    DMA2_Channel2_IRQHandler                 0x0800273b   Thumb Code     0  startup_stm32f10x_hd.o(.text)
    DMA2_Channel3_IRQHandler                 0x0800273b   Thumb Code     0  startup_stm32f10x_hd.o(.text)
    DMA2_Channel4_5_IRQHandler               0x0800273b   Thumb Code     0  startup_stm32f10x_hd.o(.text)
    EXTI0_IRQHandler                         0x0800273b   Thumb Code     0  startup_stm32f10x_hd.o(.text)
    EXTI15_10_IRQHandler                     0x0800273b   Thumb Code     0  startup_stm32f10x_hd.o(.text)
    EXTI1_IRQHandler                         0x0800273b   Thumb Code     0  startup_stm32f10x_hd.o(.text)
    EXTI2_IRQHandler                         0x0800273b   Thumb Code     0  startup_stm32f10x_hd.o(.text)
    EXTI3_IRQHandler                         0x0800273b   Thumb Code     0  startup_stm32f10x_hd.o(.text)
    EXTI4_IRQHandler                         0x0800273b   Thumb Code     0  startup_stm32f10x_hd.o(.text)
    EXTI9_5_IRQHandler                       0x0800273b   Thumb Code     0  startup_stm32f10x_hd.o(.text)
    FLASH_IRQHandler                         0x0800273b   Thumb Code     0  startup_stm32f10x_hd.o(.text)
    FSMC_IRQHandler                          0x0800273b   Thumb Code     0  startup_stm32f10x_hd.o(.text)
    I2C1_ER_IRQHandler                       0x0800273b   Thumb Code     0  startup_stm32f10x_hd.o(.text)
    I2C1_EV_IRQHandler                       0x0800273b   Thumb Code     0  startup_stm32f10x_hd.o(.text)
    I2C2_ER_IRQHandler                       0x0800273b   Thumb Code     0  startup_stm32f10x_hd.o(.text)
    I2C2_EV_IRQHandler                       0x0800273b   Thumb Code     0  startup_stm32f10x_hd.o(.text)
    PVD_IRQHandler                           0x0800273b   Thumb Code     0  startup_stm32f10x_hd.o(.text)
    RCC_IRQHandler                           0x0800273b   Thumb Code     0  startup_stm32f10x_hd.o(.text)
    RTCAlarm_IRQHandler                      0x0800273b   Thumb Code     0  startup_stm32f10x_hd.o(.text)
    RTC_IRQHandler                           0x0800273b   Thumb Code     0  startup_stm32f10x_hd.o(.text)
    SDIO_IRQHandler                          0x0800273b   Thumb Code     0  startup_stm32f10x_hd.o(.text)
    SPI1_IRQHandler                          0x0800273b   Thumb Code     0  startup_stm32f10x_hd.o(.text)
    SPI2_IRQHandler                          0x0800273b   Thumb Code     0  startup_stm32f10x_hd.o(.text)
    SPI3_IRQHandler                          0x0800273b   Thumb Code     0  startup_stm32f10x_hd.o(.text)
    TAMPER_IRQHandler                        0x0800273b   Thumb Code     0  startup_stm32f10x_hd.o(.text)
    TIM1_BRK_IRQHandler                      0x0800273b   Thumb Code     0  startup_stm32f10x_hd.o(.text)
    TIM1_CC_IRQHandler                       0x0800273b   Thumb Code     0  startup_stm32f10x_hd.o(.text)
    TIM1_TRG_COM_IRQHandler                  0x0800273b   Thumb Code     0  startup_stm32f10x_hd.o(.text)
    TIM1_UP_IRQHandler                       0x0800273b   Thumb Code     0  startup_stm32f10x_hd.o(.text)
    TIM2_IRQHandler                          0x0800273b   Thumb Code     0  startup_stm32f10x_hd.o(.text)
    TIM4_IRQHandler                          0x0800273b   Thumb Code     0  startup_stm32f10x_hd.o(.text)
    TIM5_IRQHandler                          0x0800273b   Thumb Code     0  startup_stm32f10x_hd.o(.text)
    TIM6_IRQHandler                          0x0800273b   Thumb Code     0  startup_stm32f10x_hd.o(.text)
    TIM7_IRQHandler                          0x0800273b   Thumb Code     0  startup_stm32f10x_hd.o(.text)
    TIM8_BRK_IRQHandler                      0x0800273b   Thumb Code     0  startup_stm32f10x_hd.o(.text)
    TIM8_CC_IRQHandler                       0x0800273b   Thumb Code     0  startup_stm32f10x_hd.o(.text)
    TIM8_TRG_COM_IRQHandler                  0x0800273b   Thumb Code     0  startup_stm32f10x_hd.o(.text)
    TIM8_UP_IRQHandler                       0x0800273b   Thumb Code     0  startup_stm32f10x_hd.o(.text)
    UART4_IRQHandler                         0x0800273b   Thumb Code     0  startup_stm32f10x_hd.o(.text)
    UART5_IRQHandler                         0x0800273b   Thumb Code     0  startup_stm32f10x_hd.o(.text)
    USART2_IRQHandler                        0x0800273b   Thumb Code     0  startup_stm32f10x_hd.o(.text)
    USART3_IRQHandler                        0x0800273b   Thumb Code     0  startup_stm32f10x_hd.o(.text)
    USBWakeUp_IRQHandler                     0x0800273b   Thumb Code     0  startup_stm32f10x_hd.o(.text)
    USB_HP_CAN1_TX_IRQHandler                0x0800273b   Thumb Code     0  startup_stm32f10x_hd.o(.text)
    USB_LP_CAN1_RX0_IRQHandler               0x0800273b   Thumb Code     0  startup_stm32f10x_hd.o(.text)
    WWDG_IRQHandler                          0x0800273b   Thumb Code     0  startup_stm32f10x_hd.o(.text)
    __user_initial_stackheap                 0x0800273d   Thumb Code     0  startup_stm32f10x_hd.o(.text)
    __2sprintf                               0x08002761   Thumb Code    34  noretval__2sprintf.o(.text)
    _printf_pre_padding                      0x08002789   Thumb Code    44  _printf_pad.o(.text)
    _printf_post_padding                     0x080027b5   Thumb Code    34  _printf_pad.o(.text)
    _printf_int_hex                          0x080027d9   Thumb Code    84  _printf_hex_int.o(.text)
    _printf_longlong_hex                     0x080027d9   Thumb Code     0  _printf_hex_int.o(.text)
    __printf                                 0x08002831   Thumb Code   308  __printf_flags_wp.o(.text)
    __aeabi_memcpy                           0x08002969   Thumb Code     0  rt_memcpy_v6.o(.text)
    __rt_memcpy                              0x08002969   Thumb Code   138  rt_memcpy_v6.o(.text)
    _memcpy_lastbytes                        0x080029cf   Thumb Code     0  rt_memcpy_v6.o(.text)
    __aeabi_memcpy4                          0x080029f3   Thumb Code     0  rt_memcpy_w.o(.text)
    __aeabi_memcpy8                          0x080029f3   Thumb Code     0  rt_memcpy_w.o(.text)
    __rt_memcpy_w                            0x080029f3   Thumb Code   100  rt_memcpy_w.o(.text)
    _memcpy_lastbytes_aligned                0x08002a3b   Thumb Code     0  rt_memcpy_w.o(.text)
    __aeabi_memclr                           0x08002a57   Thumb Code     0  rt_memclr.o(.text)
    __rt_memclr                              0x08002a57   Thumb Code    68  rt_memclr.o(.text)
    _memset                                  0x08002a5b   Thumb Code     0  rt_memclr.o(.text)
    __use_two_region_memory                  0x08002a9b   Thumb Code     2  heapauxi.o(.text)
    __rt_heap_escrow$2region                 0x08002a9d   Thumb Code     2  heapauxi.o(.text)
    __rt_heap_expand$2region                 0x08002a9f   Thumb Code     2  heapauxi.o(.text)
    _printf_int_common                       0x08002aa1   Thumb Code   178  _printf_intcommon.o(.text)
    __lib_sel_fp_printf                      0x08002b53   Thumb Code     2  _printf_fp_dec.o(.text)
    _printf_fp_dec_real                      0x08002d01   Thumb Code   620  _printf_fp_dec.o(.text)
    _printf_char_common                      0x08002f77   Thumb Code    32  _printf_char_common.o(.text)
    _sputc                                   0x08002f9d   Thumb Code    10  _sputc.o(.text)
    __aeabi_memclr4                          0x08002fa7   Thumb Code     0  rt_memclr_w.o(.text)
    __aeabi_memclr8                          0x08002fa7   Thumb Code     0  rt_memclr_w.o(.text)
    __rt_memclr_w                            0x08002fa7   Thumb Code    78  rt_memclr_w.o(.text)
    _memset_w                                0x08002fab   Thumb Code     0  rt_memclr_w.o(.text)
    __rt_locale                              0x08002ff5   Thumb Code     8  rt_locale_intlibspace.o(.text)
    _ll_udiv10                               0x08002ffd   Thumb Code   138  lludiv10.o(.text)
    _printf_fp_infnan                        0x08003089   Thumb Code   112  _printf_fp_infnan.o(.text)
    _btod_etento                             0x08003109   Thumb Code   216  bigflt0.o(.text)
    __user_libspace                          0x080031e5   Thumb Code     8  libspace.o(.text)
    __user_perproc_libspace                  0x080031e5   Thumb Code     0  libspace.o(.text)
    __user_perthread_libspace                0x080031e5   Thumb Code     0  libspace.o(.text)
    __user_setup_stackheap                   0x080031ed   Thumb Code    74  sys_stackheap_outer.o(.text)
    exit                                     0x08003237   Thumb Code    18  exit.o(.text)
    strcmp                                   0x08003249   Thumb Code   128  strcmpv7m.o(.text)
    _sys_exit                                0x080032c9   Thumb Code     8  sys_exit.o(.text)
    __I$use$semihosting                      0x080032d5   Thumb Code     0  use_no_semi.o(.text)
    __use_no_semihosting_swi                 0x080032d5   Thumb Code     2  use_no_semi.o(.text)
    __semihosting_library_function           0x080032d7   Thumb Code     0  indicate_semi.o(.text)
    _btod_d2e                                0x080032d7   Thumb Code    62  btod.o(CL$$btod_d2e)
    _d2e_denorm_low                          0x08003315   Thumb Code    70  btod.o(CL$$btod_d2e_denorm_low)
    _d2e_norm_op1                            0x0800335b   Thumb Code    96  btod.o(CL$$btod_d2e_norm_op1)
    __btod_div_common                        0x080033bb   Thumb Code   696  btod.o(CL$$btod_div_common)
    _e2e                                     0x080036f3   Thumb Code   198  btod.o(CL$$btod_e2e)
    _btod_ediv                               0x080037b9   Thumb Code    40  btod.o(CL$$btod_ediv)
    _btod_emul                               0x080037e1   Thumb Code    40  btod.o(CL$$btod_emul)
    __btod_mult_common                       0x08003809   Thumb Code   580  btod.o(CL$$btod_mult_common)
    __ARM_fpclassify                         0x08003a4d   Thumb Code    40  fpclassify.o(i.__ARM_fpclassify)
    _is_digit                                0x08003a75   Thumb Code    14  __printf_wp.o(i._is_digit)
    _get_lc_numeric                          0x08003a85   Thumb Code    44  lc_numeric_c.o(locale$$code)
    __aeabi_d2f                              0x08003ab1   Thumb Code     0  d2f.o(x$fpl$d2f)
    _d2f                                     0x08003ab1   Thumb Code    98  d2f.o(x$fpl$d2f)
    __aeabi_dadd                             0x08003b15   Thumb Code     0  daddsub_clz.o(x$fpl$dadd)
    _dadd                                    0x08003b15   Thumb Code   332  daddsub_clz.o(x$fpl$dadd)
    __fpl_dcmp_Inf                           0x08003c65   Thumb Code    24  dcmpi.o(x$fpl$dcmpinf)
    __aeabi_ui2d                             0x08003c7d   Thumb Code     0  dflt_clz.o(x$fpl$dfltu)
    _dfltu                                   0x08003c7d   Thumb Code    38  dflt_clz.o(x$fpl$dfltu)
    __aeabi_cdcmple                          0x08003ca5   Thumb Code     0  dleqf.o(x$fpl$dleqf)
    _dcmple                                  0x08003ca5   Thumb Code   120  dleqf.o(x$fpl$dleqf)
    __fpl_dcmple_InfNaN                      0x08003d07   Thumb Code     0  dleqf.o(x$fpl$dleqf)
    __aeabi_dmul                             0x08003d1d   Thumb Code     0  dmul.o(x$fpl$dmul)
    _dmul                                    0x08003d1d   Thumb Code   332  dmul.o(x$fpl$dmul)
    __fpl_dnaninf                            0x08003e71   Thumb Code   156  dnaninf.o(x$fpl$dnaninf)
    __fpl_dretinf                            0x08003f0d   Thumb Code    12  dretinf.o(x$fpl$dretinf)
    __aeabi_cdrcmple                         0x08003f19   Thumb Code     0  drleqf.o(x$fpl$drleqf)
    _drcmple                                 0x08003f19   Thumb Code   108  drleqf.o(x$fpl$drleqf)
    __aeabi_dsub                             0x08003f85   Thumb Code     0  daddsub_clz.o(x$fpl$dsub)
    _dsub                                    0x08003f85   Thumb Code   464  daddsub_clz.o(x$fpl$dsub)
    __aeabi_f2d                              0x08004159   Thumb Code     0  f2d.o(x$fpl$f2d)
    _f2d                                     0x08004159   Thumb Code    86  f2d.o(x$fpl$f2d)
    __fpl_fnaninf                            0x080041af   Thumb Code   140  fnaninf.o(x$fpl$fnaninf)
    __fpl_fretinf                            0x0800423b   Thumb Code    10  fretinf.o(x$fpl$fretinf)
    _printf_fp_dec                           0x08004245   Thumb Code     4  printf1.o(x$fpl$printf1)
    M100_ID                                  0x08004248   Data           2  main.o(.constdata)
    __I$use$fp                               0x08004248   Number         0  usenofp.o(x$fpl$usenofp)
    Region$$Table$$Base                      0x08004320   Number         0  anon$$obj.o(Region$$Table)
    Region$$Table$$Limit                     0x08004340   Number         0  anon$$obj.o(Region$$Table)
    downside_data_length                     0x20000000   Data           1  main.o(.data)
    TxPayload                                0x20000001   Data          19  main.o(.data)
    downside_data                            0x20000014   Data          19  main.o(.data)
    downside_order_Led                       0x20000027   Data           1  main.o(.data)
    Ele_Data_Send                            0x20000028   Data           1  main.o(.data)
    UsartReceFlag                            0x2000002c   Data           1  usart.o(.data)
    UsartReceCnt                             0x20000030   Data           4  usart.o(.data)
    upside_data                              0x20000034   Data          19  usart.o(.data)
    LED_TAG                                  0x20000047   Data           1  timer.o(.data)
    SystemCoreClock                          0x2000005c   Data           4  system_stm32f10x.o(.data)
    AHBPrescTable                            0x20000060   Data          16  system_stm32f10x.o(.data)
    UsartReceBuf                             0x20000070   Data         128  usart.o(.bss)
    __libspace_start                         0x200000f0   Data          96  libspace.o(.bss)
    __temporary_stack_top$libspace           0x20000150   Data           0  libspace.o(.bss)



==============================================================================

Memory Map of the image

  Image Entry point : 0x08000131

  Load Region LR_IROM1 (Base: 0x08000000, Size: 0x000043cc, Max: 0x00010000, ABSOLUTE)

    Execution Region ER_IROM1 (Base: 0x08000000, Size: 0x0000435c, Max: 0x00010000, ABSOLUTE)

    Base Addr    Size         Type   Attr      Idx    E Section Name        Object

    0x08000000   0x00000130   Data   RO          406    RESET               startup_stm32f10x_hd.o
    0x08000130   0x00000008   Code   RO          473  * !!!main             c_w.l(__main.o)
    0x08000138   0x00000034   Code   RO          721    !!!scatter          c_w.l(__scatter.o)
    0x0800016c   0x0000001a   Code   RO          723    !!handler_copy      c_w.l(__scatter_copy.o)
    0x08000186   0x00000002   PAD
    0x08000188   0x0000001c   Code   RO          725    !!handler_zi        c_w.l(__scatter_zi.o)
    0x080001a4   0x00000000   Code   RO          464    .ARM.Collect$$_printf_percent$$00000000  c_w.l(_printf_percent.o)
    0x080001a4   0x00000006   Code   RO          463    .ARM.Collect$$_printf_percent$$00000003  c_w.l(_printf_f.o)
    0x080001aa   0x00000006   Code   RO          462    .ARM.Collect$$_printf_percent$$0000000C  c_w.l(_printf_x.o)
    0x080001b0   0x00000004   Code   RO          508    .ARM.Collect$$_printf_percent$$00000017  c_w.l(_printf_percent_end.o)
    0x080001b4   0x00000002   Code   RO          594    .ARM.Collect$$libinit$$00000000  c_w.l(libinit.o)
    0x080001b6   0x00000000   Code   RO          596    .ARM.Collect$$libinit$$00000002  c_w.l(libinit2.o)
    0x080001b6   0x00000000   Code   RO          598    .ARM.Collect$$libinit$$00000004  c_w.l(libinit2.o)
    0x080001b6   0x00000000   Code   RO          601    .ARM.Collect$$libinit$$0000000A  c_w.l(libinit2.o)
    0x080001b6   0x00000000   Code   RO          603    .ARM.Collect$$libinit$$0000000C  c_w.l(libinit2.o)
    0x080001b6   0x00000000   Code   RO          605    .ARM.Collect$$libinit$$0000000E  c_w.l(libinit2.o)
    0x080001b6   0x00000006   Code   RO          606    .ARM.Collect$$libinit$$0000000F  c_w.l(libinit2.o)
    0x080001bc   0x00000000   Code   RO          608    .ARM.Collect$$libinit$$00000011  c_w.l(libinit2.o)
    0x080001bc   0x00000000   Code   RO          610    .ARM.Collect$$libinit$$00000013  c_w.l(libinit2.o)
    0x080001bc   0x00000000   Code   RO          612    .ARM.Collect$$libinit$$00000015  c_w.l(libinit2.o)
    0x080001bc   0x0000000a   Code   RO          613    .ARM.Collect$$libinit$$00000016  c_w.l(libinit2.o)
    0x080001c6   0x00000000   Code   RO          614    .ARM.Collect$$libinit$$00000017  c_w.l(libinit2.o)
    0x080001c6   0x00000000   Code   RO          616    .ARM.Collect$$libinit$$00000019  c_w.l(libinit2.o)
    0x080001c6   0x00000000   Code   RO          618    .ARM.Collect$$libinit$$0000001B  c_w.l(libinit2.o)
    0x080001c6   0x00000000   Code   RO          620    .ARM.Collect$$libinit$$0000001D  c_w.l(libinit2.o)
    0x080001c6   0x00000000   Code   RO          622    .ARM.Collect$$libinit$$0000001F  c_w.l(libinit2.o)
    0x080001c6   0x00000000   Code   RO          624    .ARM.Collect$$libinit$$00000021  c_w.l(libinit2.o)
    0x080001c6   0x00000000   Code   RO          626    .ARM.Collect$$libinit$$00000023  c_w.l(libinit2.o)
    0x080001c6   0x00000000   Code   RO          628    .ARM.Collect$$libinit$$00000025  c_w.l(libinit2.o)
    0x080001c6   0x00000000   Code   RO          632    .ARM.Collect$$libinit$$0000002C  c_w.l(libinit2.o)
    0x080001c6   0x00000000   Code   RO          634    .ARM.Collect$$libinit$$0000002E  c_w.l(libinit2.o)
    0x080001c6   0x00000000   Code   RO          636    .ARM.Collect$$libinit$$00000030  c_w.l(libinit2.o)
    0x080001c6   0x00000000   Code   RO          638    .ARM.Collect$$libinit$$00000032  c_w.l(libinit2.o)
    0x080001c6   0x00000002   Code   RO          639    .ARM.Collect$$libinit$$00000033  c_w.l(libinit2.o)
    0x080001c8   0x00000002   Code   RO          669    .ARM.Collect$$libshutdown$$00000000  c_w.l(libshutdown.o)
    0x080001ca   0x00000000   Code   RO          680    .ARM.Collect$$libshutdown$$00000002  c_w.l(libshutdown2.o)
    0x080001ca   0x00000000   Code   RO          682    .ARM.Collect$$libshutdown$$00000004  c_w.l(libshutdown2.o)
    0x080001ca   0x00000000   Code   RO          685    .ARM.Collect$$libshutdown$$00000007  c_w.l(libshutdown2.o)
    0x080001ca   0x00000000   Code   RO          688    .ARM.Collect$$libshutdown$$0000000A  c_w.l(libshutdown2.o)
    0x080001ca   0x00000000   Code   RO          690    .ARM.Collect$$libshutdown$$0000000C  c_w.l(libshutdown2.o)
    0x080001ca   0x00000000   Code   RO          693    .ARM.Collect$$libshutdown$$0000000F  c_w.l(libshutdown2.o)
    0x080001ca   0x00000002   Code   RO          694    .ARM.Collect$$libshutdown$$00000010  c_w.l(libshutdown2.o)
    0x080001cc   0x00000000   Code   RO          499    .ARM.Collect$$rtentry$$00000000  c_w.l(__rtentry.o)
    0x080001cc   0x00000000   Code   RO          523    .ARM.Collect$$rtentry$$00000002  c_w.l(__rtentry2.o)
    0x080001cc   0x00000006   Code   RO          535    .ARM.Collect$$rtentry$$00000004  c_w.l(__rtentry4.o)
    0x080001d2   0x00000000   Code   RO          525    .ARM.Collect$$rtentry$$00000009  c_w.l(__rtentry2.o)
    0x080001d2   0x00000004   Code   RO          526    .ARM.Collect$$rtentry$$0000000A  c_w.l(__rtentry2.o)
    0x080001d6   0x00000000   Code   RO          528    .ARM.Collect$$rtentry$$0000000C  c_w.l(__rtentry2.o)
    0x080001d6   0x00000008   Code   RO          529    .ARM.Collect$$rtentry$$0000000D  c_w.l(__rtentry2.o)
    0x080001de   0x00000002   Code   RO          640    .ARM.Collect$$rtexit$$00000000  c_w.l(rtexit.o)
    0x080001e0   0x00000000   Code   RO          647    .ARM.Collect$$rtexit$$00000002  c_w.l(rtexit2.o)
    0x080001e0   0x00000004   Code   RO          648    .ARM.Collect$$rtexit$$00000003  c_w.l(rtexit2.o)
    0x080001e4   0x00000006   Code   RO          649    .ARM.Collect$$rtexit$$00000004  c_w.l(rtexit2.o)
    0x080001ea   0x00000002   PAD
    0x080001ec   0x000004ac   Code   RO            1    .text               main.o
    0x08000698   0x0000001a   Code   RO          124    .text               stm32f10x_it.o
    0x080006b2   0x00000044   Code   RO          139    .text               delay.o
    0x080006f6   0x00000002   PAD
    0x080006f8   0x0000035c   Code   RO          151    .text               usart.o
    0x08000a54   0x00000008   Code   RO          186    .text               led.o
    0x08000a5c   0x000000e4   Code   RO          213    .text               timer.o
    0x08000b40   0x000000dc   Code   RO          229    .text               misc.o
    0x08000c1c   0x0000035c   Code   RO          277    .text               stm32f10x_gpio.o
    0x08000f78   0x000003a4   Code   RO          325    .text               stm32f10x_rcc.o
    0x0800131c   0x00000408   Code   RO          339    .text               stm32f10x_usart.o
    0x08001724   0x00000e1a   Code   RO          363    .text               stm32f10x_tim.o
    0x0800253e   0x00000002   PAD
    0x08002540   0x000001e0   Code   RO          386    .text               system_stm32f10x.o
    0x08002720   0x00000040   Code   RO          407    .text               startup_stm32f10x_hd.o
    0x08002760   0x00000028   Code   RO          415    .text               c_w.l(noretval__2sprintf.o)
    0x08002788   0x0000004e   Code   RO          419    .text               c_w.l(_printf_pad.o)
    0x080027d6   0x00000002   PAD
    0x080027d8   0x00000058   Code   RO          424    .text               c_w.l(_printf_hex_int.o)
    0x08002830   0x00000138   Code   RO          454    .text               c_w.l(__printf_flags_wp.o)
    0x08002968   0x0000008a   Code   RO          465    .text               c_w.l(rt_memcpy_v6.o)
    0x080029f2   0x00000064   Code   RO          467    .text               c_w.l(rt_memcpy_w.o)
    0x08002a56   0x00000044   Code   RO          469    .text               c_w.l(rt_memclr.o)
    0x08002a9a   0x00000006   Code   RO          471    .text               c_w.l(heapauxi.o)
    0x08002aa0   0x000000b2   Code   RO          500    .text               c_w.l(_printf_intcommon.o)
    0x08002b52   0x0000041a   Code   RO          502    .text               c_w.l(_printf_fp_dec.o)
    0x08002f6c   0x00000030   Code   RO          504    .text               c_w.l(_printf_char_common.o)
    0x08002f9c   0x0000000a   Code   RO          506    .text               c_w.l(_sputc.o)
    0x08002fa6   0x0000004e   Code   RO          509    .text               c_w.l(rt_memclr_w.o)
    0x08002ff4   0x00000008   Code   RO          540    .text               c_w.l(rt_locale_intlibspace.o)
    0x08002ffc   0x0000008a   Code   RO          542    .text               c_w.l(lludiv10.o)
    0x08003086   0x00000002   PAD
    0x08003088   0x00000080   Code   RO          544    .text               c_w.l(_printf_fp_infnan.o)
    0x08003108   0x000000dc   Code   RO          548    .text               c_w.l(bigflt0.o)
    0x080031e4   0x00000008   Code   RO          580    .text               c_w.l(libspace.o)
    0x080031ec   0x0000004a   Code   RO          583    .text               c_w.l(sys_stackheap_outer.o)
    0x08003236   0x00000012   Code   RO          585    .text               c_w.l(exit.o)
    0x08003248   0x00000080   Code   RO          587    .text               c_w.l(strcmpv7m.o)
    0x080032c8   0x0000000c   Code   RO          659    .text               c_w.l(sys_exit.o)
    0x080032d4   0x00000002   Code   RO          670    .text               c_w.l(use_no_semi.o)
    0x080032d6   0x00000000   Code   RO          672    .text               c_w.l(indicate_semi.o)
    0x080032d6   0x0000003e   Code   RO          551    CL$$btod_d2e        c_w.l(btod.o)
    0x08003314   0x00000046   Code   RO          553    CL$$btod_d2e_denorm_low  c_w.l(btod.o)
    0x0800335a   0x00000060   Code   RO          552    CL$$btod_d2e_norm_op1  c_w.l(btod.o)
    0x080033ba   0x00000338   Code   RO          561    CL$$btod_div_common  c_w.l(btod.o)
    0x080036f2   0x000000c6   Code   RO          558    CL$$btod_e2e        c_w.l(btod.o)
    0x080037b8   0x00000028   Code   RO          555    CL$$btod_ediv       c_w.l(btod.o)
    0x080037e0   0x00000028   Code   RO          554    CL$$btod_emul       c_w.l(btod.o)
    0x08003808   0x00000244   Code   RO          560    CL$$btod_mult_common  c_w.l(btod.o)
    0x08003a4c   0x00000028   Code   RO          578    i.__ARM_fpclassify  m_ws.l(fpclassify.o)
    0x08003a74   0x0000000e   Code   RO          452    i._is_digit         c_w.l(__printf_wp.o)
    0x08003a82   0x00000002   PAD
    0x08003a84   0x0000002c   Code   RO          574    locale$$code        c_w.l(lc_numeric_c.o)
    0x08003ab0   0x00000062   Code   RO          475    x$fpl$d2f           fz_ws.l(d2f.o)
    0x08003b12   0x00000002   PAD
    0x08003b14   0x00000150   Code   RO          477    x$fpl$dadd          fz_ws.l(daddsub_clz.o)
    0x08003c64   0x00000018   Code   RO          511    x$fpl$dcmpinf       fz_ws.l(dcmpi.o)
    0x08003c7c   0x00000026   Code   RO          483    x$fpl$dfltu         fz_ws.l(dflt_clz.o)
    0x08003ca2   0x00000002   PAD
    0x08003ca4   0x00000078   Code   RO          489    x$fpl$dleqf         fz_ws.l(dleqf.o)
    0x08003d1c   0x00000154   Code   RO          491    x$fpl$dmul          fz_ws.l(dmul.o)
    0x08003e70   0x0000009c   Code   RO          513    x$fpl$dnaninf       fz_ws.l(dnaninf.o)
    0x08003f0c   0x0000000c   Code   RO          515    x$fpl$dretinf       fz_ws.l(dretinf.o)
    0x08003f18   0x0000006c   Code   RO          493    x$fpl$drleqf        fz_ws.l(drleqf.o)
    0x08003f84   0x000001d4   Code   RO          479    x$fpl$dsub          fz_ws.l(daddsub_clz.o)
    0x08004158   0x00000056   Code   RO          495    x$fpl$f2d           fz_ws.l(f2d.o)
    0x080041ae   0x0000008c   Code   RO          517    x$fpl$fnaninf       fz_ws.l(fnaninf.o)
    0x0800423a   0x0000000a   Code   RO          519    x$fpl$fretinf       fz_ws.l(fretinf.o)
    0x08004244   0x00000004   Code   RO          497    x$fpl$printf1       fz_ws.l(printf1.o)
    0x08004248   0x00000000   Code   RO          521    x$fpl$usenofp       fz_ws.l(usenofp.o)
    0x08004248   0x00000009   Data   RO            2    .constdata          main.o
    0x08004251   0x00000028   Data   RO          425    .constdata          c_w.l(_printf_hex_int.o)
    0x08004279   0x00000011   Data   RO          455    .constdata          c_w.l(__printf_flags_wp.o)
    0x0800428a   0x00000002   PAD
    0x0800428c   0x00000094   Data   RO          549    .constdata          c_w.l(bigflt0.o)
    0x08004320   0x00000020   Data   RO          719    Region$$Table       anon$$obj.o
    0x08004340   0x0000001c   Data   RO          573    locale$$data        c_w.l(lc_numeric_c.o)


    Execution Region RW_IRAM1 (Base: 0x20000000, Size: 0x00000750, Max: 0x00005000, ABSOLUTE)

    Base Addr    Size         Type   Attr      Idx    E Section Name        Object

    0x20000000   0x00000029   Data   RW            3    .data               main.o
    0x20000029   0x00000003   PAD
    0x2000002c   0x0000001b   Data   RW          153    .data               usart.o
    0x20000047   0x00000001   Data   RW          214    .data               timer.o
    0x20000048   0x00000014   Data   RW          326    .data               stm32f10x_rcc.o
    0x2000005c   0x00000014   Data   RW          387    .data               system_stm32f10x.o
    0x20000070   0x00000080   Zero   RW          152    .bss                usart.o
    0x200000f0   0x00000060   Zero   RW          581    .bss                c_w.l(libspace.o)
    0x20000150   0x00000200   Zero   RW          405    HEAP                startup_stm32f10x_hd.o
    0x20000350   0x00000400   Zero   RW          404    STACK               startup_stm32f10x_hd.o


==============================================================================

Image component sizes


      Code (inc. data)   RO Data    RW Data    ZI Data      Debug   Object Name

         0          0          0          0          0         32   core_cm3.o
        68          0          0          0          0        636   delay.o
         8          0          0          0          0        793   led.o
      1196        100          9         41          0     254306   main.o
       220         22          0          0          0       1913   misc.o
        64         26        304          0       1536        908   startup_stm32f10x_hd.o
       860         38          0          0          0       5845   stm32f10x_gpio.o
        26          0          0          0          0       1190   stm32f10x_it.o
       932         36          0         20          0       9040   stm32f10x_rcc.o
      3610         88          0          0          0      22952   stm32f10x_tim.o
      1032         22          0          0          0       8568   stm32f10x_usart.o
       480         38          0         20          0       2043   system_stm32f10x.o
       228         22          0          1          0       1432   timer.o
       860         46          0         27        128       2777   usart.o

    ----------------------------------------------------------------------
      9588        438        345        112       1664     312435   Object Totals
         0          0         32          0          0          0   (incl. Generated)
         4          0          0          3          0          0   (incl. Padding)

    ----------------------------------------------------------------------

      Code (inc. data)   RO Data    RW Data    ZI Data      Debug   Library Member Name

         8          0          0          0          0         68   __main.o
       312          4         17          0          0         92   __printf_flags_wp.o
        14          0          0          0          0         68   __printf_wp.o
         0          0          0          0          0          0   __rtentry.o
        12          0          0          0          0          0   __rtentry2.o
         6          0          0          0          0          0   __rtentry4.o
        52          8          0          0          0          0   __scatter.o
        26          0          0          0          0          0   __scatter_copy.o
        28          0          0          0          0          0   __scatter_zi.o
        48          6          0          0          0         96   _printf_char_common.o
         6          0          0          0          0          0   _printf_f.o
      1050          0          0          0          0        216   _printf_fp_dec.o
       128         16          0          0          0         84   _printf_fp_infnan.o
        88          4         40          0          0         88   _printf_hex_int.o
       178          0          0          0          0         88   _printf_intcommon.o
        78          0          0          0          0        108   _printf_pad.o
         0          0          0          0          0          0   _printf_percent.o
         4          0          0          0          0          0   _printf_percent_end.o
         6          0          0          0          0          0   _printf_x.o
        10          0          0          0          0         68   _sputc.o
       220          4        148          0          0         96   bigflt0.o
      1910        128          0          0          0        672   btod.o
        18          0          0          0          0         80   exit.o
         6          0          0          0          0        152   heapauxi.o
         0          0          0          0          0          0   indicate_semi.o
        44         10         28          0          0         76   lc_numeric_c.o
         2          0          0          0          0          0   libinit.o
        18          0          0          0          0          0   libinit2.o
         2          0          0          0          0          0   libshutdown.o
         2          0          0          0          0          0   libshutdown2.o
         8          4          0          0         96         68   libspace.o
       138          0          0          0          0         80   lludiv10.o
        40          6          0          0          0         84   noretval__2sprintf.o
         8          4          0          0          0         68   rt_locale_intlibspace.o
        68          0          0          0          0         68   rt_memclr.o
        78          0          0          0          0         80   rt_memclr_w.o
       138          0          0          0          0         68   rt_memcpy_v6.o
       100          0          0          0          0         80   rt_memcpy_w.o
         2          0          0          0          0          0   rtexit.o
        10          0          0          0          0          0   rtexit2.o
       128          0          0          0          0         68   strcmpv7m.o
        12          4          0          0          0         68   sys_exit.o
        74          0          0          0          0         80   sys_stackheap_outer.o
         2          0          0          0          0         68   use_no_semi.o
        98          4          0          0          0         92   d2f.o
       804         16          0          0          0        272   daddsub_clz.o
        24          0          0          0          0         68   dcmpi.o
        38          0          0          0          0         68   dflt_clz.o
       120          4          0          0          0         92   dleqf.o
       340         12          0          0          0        104   dmul.o
       156          4          0          0          0         92   dnaninf.o
        12          0          0          0          0         68   dretinf.o
       108          0          0          0          0         80   drleqf.o
        86          4          0          0          0         84   f2d.o
       140          4          0          0          0         84   fnaninf.o
        10          0          0          0          0         68   fretinf.o
         4          0          0          0          0         68   printf1.o
         0          0          0          0          0          0   usenofp.o
        40          0          0          0          0         68   fpclassify.o

    ----------------------------------------------------------------------
      7076        246        235          0         96       4240   Library Totals
        14          0          2          0          0          0   (incl. Padding)

    ----------------------------------------------------------------------

      Code (inc. data)   RO Data    RW Data    ZI Data      Debug   Library Name

      5082        198        233          0         96       2932   c_w.l
      1940         48          0          0          0       1240   fz_ws.l
        40          0          0          0          0         68   m_ws.l

    ----------------------------------------------------------------------
      7076        246        235          0         96       4240   Library Totals

    ----------------------------------------------------------------------

==============================================================================


      Code (inc. data)   RO Data    RW Data    ZI Data      Debug   

     16664        684        580        112       1760     313291   Grand Totals
     16664        684        580        112       1760     313291   ELF Image Totals
     16664        684        580        112          0          0   ROM Totals

==============================================================================

    Total RO  Size (Code + RO Data)                17244 (  16.84kB)
    Total RW  Size (RW Data + ZI Data)              1872 (   1.83kB)
    Total ROM Size (Code + RO Data + RW Data)      17356 (  16.95kB)

==============================================================================

